[0.082s] DEBUG:colcon:Command line arguments: ['/usr/bin/colcon', 'build', '--symlink-install', '--packages-select', 'livox_ros2_driver']
[0.082s] DEBUG:colcon:Parsed command line arguments: Namespace(log_base=None, log_level=None, verb_name='build', build_base='build', install_base='install', merge_install=False, symlink_install=True, test_result_base=None, continue_on_error=False, executor='parallel', parallel_workers=14, event_handlers=None, ignore_user_meta=False, metas=['./colcon.meta'], base_paths=['.'], packages_ignore=None, packages_ignore_regex=None, paths=None, packages_up_to=None, packages_up_to_regex=None, packages_above=None, packages_above_and_dependencies=None, packages_above_depth=None, packages_select_by_dep=None, packages_skip_by_dep=None, packages_skip_up_to=None, packages_select_build_failed=False, packages_skip_build_finished=False, packages_select_test_failures=False, packages_skip_test_passed=False, packages_select=['livox_ros2_driver'], packages_skip=None, packages_select_regex=None, packages_skip_regex=None, packages_start=None, packages_end=None, allow_overriding=[], cmake_args=None, cmake_target=None, cmake_target_skip_unavailable=False, cmake_clean_cache=False, cmake_clean_first=False, cmake_force_configure=False, ament_cmake_args=None, catkin_cmake_args=None, catkin_skip_building_tests=False, mixin_files=None, mixin=None, verb_parser=<colcon_mixin.mixin.mixin_argument.MixinArgumentDecorator object at 0xffffbca559d0>, verb_extension=<colcon_core.verb.build.BuildVerb object at 0xffffbcbd1af0>, main=<bound method BuildVerb.main of <colcon_core.verb.build.BuildVerb object at 0xffffbcbd1af0>>, mixin_verb=('build',))
[0.113s] Level 1:colcon.colcon_core.package_discovery:discover_packages(colcon_meta) check parameters
[0.113s] Level 1:colcon.colcon_core.package_discovery:discover_packages(recursive) check parameters
[0.113s] Level 1:colcon.colcon_core.package_discovery:discover_packages(ignore) check parameters
[0.113s] Level 1:colcon.colcon_core.package_discovery:discover_packages(path) check parameters
[0.113s] Level 1:colcon.colcon_core.package_discovery:discover_packages(colcon_meta) discover
[0.113s] Level 1:colcon.colcon_core.package_discovery:discover_packages(recursive) discover
[0.113s] INFO:colcon.colcon_core.package_discovery:Crawling recursively for packages in '/home/uos-robotics/ros2_ws/src/sensor_drivers/ws_livox'
[0.113s] Level 1:colcon.colcon_core.package_identification:_identify(.) by extensions ['ignore', 'ignore_ament_install']
[0.113s] Level 1:colcon.colcon_core.package_identification:_identify(.) by extension 'ignore'
[0.113s] Level 1:colcon.colcon_core.package_identification:_identify(.) by extension 'ignore_ament_install'
[0.113s] Level 1:colcon.colcon_core.package_identification:_identify(.) by extensions ['colcon_pkg']
[0.113s] Level 1:colcon.colcon_core.package_identification:_identify(.) by extension 'colcon_pkg'
[0.113s] Level 1:colcon.colcon_core.package_identification:_identify(.) by extensions ['colcon_meta']
[0.113s] Level 1:colcon.colcon_core.package_identification:_identify(.) by extension 'colcon_meta'
[0.113s] Level 1:colcon.colcon_core.package_identification:_identify(.) by extensions ['ros']
[0.113s] Level 1:colcon.colcon_core.package_identification:_identify(.) by extension 'ros'
[0.135s] Level 1:colcon.colcon_core.package_identification:_identify(.) by extensions ['cmake', 'python']
[0.135s] Level 1:colcon.colcon_core.package_identification:_identify(.) by extension 'cmake'
[0.135s] Level 1:colcon.colcon_core.package_identification:_identify(.) by extension 'python'
[0.135s] Level 1:colcon.colcon_core.package_identification:_identify(.) by extensions ['python_setup_py']
[0.135s] Level 1:colcon.colcon_core.package_identification:_identify(.) by extension 'python_setup_py'
[0.135s] Level 1:colcon.colcon_core.package_identification:_identify(build) by extensions ['ignore', 'ignore_ament_install']
[0.135s] Level 1:colcon.colcon_core.package_identification:_identify(build) by extension 'ignore'
[0.135s] Level 1:colcon.colcon_core.package_identification:_identify(build) ignored
[0.135s] Level 1:colcon.colcon_core.package_identification:_identify(install) by extensions ['ignore', 'ignore_ament_install']
[0.135s] Level 1:colcon.colcon_core.package_identification:_identify(install) by extension 'ignore'
[0.135s] Level 1:colcon.colcon_core.package_identification:_identify(install) ignored
[0.135s] Level 1:colcon.colcon_core.package_identification:_identify(log) by extensions ['ignore', 'ignore_ament_install']
[0.136s] Level 1:colcon.colcon_core.package_identification:_identify(log) by extension 'ignore'
[0.136s] Level 1:colcon.colcon_core.package_identification:_identify(log) ignored
[0.136s] Level 1:colcon.colcon_core.package_identification:_identify(src) by extensions ['ignore', 'ignore_ament_install']
[0.136s] Level 1:colcon.colcon_core.package_identification:_identify(src) by extension 'ignore'
[0.136s] Level 1:colcon.colcon_core.package_identification:_identify(src) by extension 'ignore_ament_install'
[0.136s] Level 1:colcon.colcon_core.package_identification:_identify(src) by extensions ['colcon_pkg']
[0.136s] Level 1:colcon.colcon_core.package_identification:_identify(src) by extension 'colcon_pkg'
[0.136s] Level 1:colcon.colcon_core.package_identification:_identify(src) by extensions ['colcon_meta']
[0.136s] Level 1:colcon.colcon_core.package_identification:_identify(src) by extension 'colcon_meta'
[0.136s] Level 1:colcon.colcon_core.package_identification:_identify(src) by extensions ['ros']
[0.136s] Level 1:colcon.colcon_core.package_identification:_identify(src) by extension 'ros'
[0.136s] Level 1:colcon.colcon_core.package_identification:_identify(src) by extensions ['cmake', 'python']
[0.136s] Level 1:colcon.colcon_core.package_identification:_identify(src) by extension 'cmake'
[0.136s] Level 1:colcon.colcon_core.package_identification:_identify(src) by extension 'python'
[0.136s] Level 1:colcon.colcon_core.package_identification:_identify(src) by extensions ['python_setup_py']
[0.136s] Level 1:colcon.colcon_core.package_identification:_identify(src) by extension 'python_setup_py'
[0.136s] Level 1:colcon.colcon_core.package_identification:_identify(src/livox_ros2_driver) by extensions ['ignore', 'ignore_ament_install']
[0.136s] Level 1:colcon.colcon_core.package_identification:_identify(src/livox_ros2_driver) by extension 'ignore'
[0.136s] Level 1:colcon.colcon_core.package_identification:_identify(src/livox_ros2_driver) by extension 'ignore_ament_install'
[0.136s] Level 1:colcon.colcon_core.package_identification:_identify(src/livox_ros2_driver) by extensions ['colcon_pkg']
[0.136s] Level 1:colcon.colcon_core.package_identification:_identify(src/livox_ros2_driver) by extension 'colcon_pkg'
[0.136s] Level 1:colcon.colcon_core.package_identification:_identify(src/livox_ros2_driver) by extensions ['colcon_meta']
[0.136s] Level 1:colcon.colcon_core.package_identification:_identify(src/livox_ros2_driver) by extension 'colcon_meta'
[0.136s] Level 1:colcon.colcon_core.package_identification:_identify(src/livox_ros2_driver) by extensions ['ros']
[0.136s] Level 1:colcon.colcon_core.package_identification:_identify(src/livox_ros2_driver) by extension 'ros'
[0.136s] Level 1:colcon.colcon_core.package_identification:_identify(src/livox_ros2_driver) by extensions ['cmake', 'python']
[0.136s] Level 1:colcon.colcon_core.package_identification:_identify(src/livox_ros2_driver) by extension 'cmake'
[0.136s] Level 1:colcon.colcon_core.package_identification:_identify(src/livox_ros2_driver) by extension 'python'
[0.136s] Level 1:colcon.colcon_core.package_identification:_identify(src/livox_ros2_driver) by extensions ['python_setup_py']
[0.136s] Level 1:colcon.colcon_core.package_identification:_identify(src/livox_ros2_driver) by extension 'python_setup_py'
[0.136s] Level 1:colcon.colcon_core.package_identification:_identify(src/livox_ros2_driver/livox_interfaces) by extensions ['ignore', 'ignore_ament_install']
[0.136s] Level 1:colcon.colcon_core.package_identification:_identify(src/livox_ros2_driver/livox_interfaces) by extension 'ignore'
[0.136s] Level 1:colcon.colcon_core.package_identification:_identify(src/livox_ros2_driver/livox_interfaces) by extension 'ignore_ament_install'
[0.136s] Level 1:colcon.colcon_core.package_identification:_identify(src/livox_ros2_driver/livox_interfaces) by extensions ['colcon_pkg']
[0.136s] Level 1:colcon.colcon_core.package_identification:_identify(src/livox_ros2_driver/livox_interfaces) by extension 'colcon_pkg'
[0.136s] Level 1:colcon.colcon_core.package_identification:_identify(src/livox_ros2_driver/livox_interfaces) by extensions ['colcon_meta']
[0.136s] Level 1:colcon.colcon_core.package_identification:_identify(src/livox_ros2_driver/livox_interfaces) by extension 'colcon_meta'
[0.136s] Level 1:colcon.colcon_core.package_identification:_identify(src/livox_ros2_driver/livox_interfaces) by extensions ['ros']
[0.137s] Level 1:colcon.colcon_core.package_identification:_identify(src/livox_ros2_driver/livox_interfaces) by extension 'ros'
[0.138s] DEBUG:colcon.colcon_core.package_identification:Package 'src/livox_ros2_driver/livox_interfaces' with type 'ros.ament_cmake' and name 'livox_interfaces'
[0.139s] Level 1:colcon.colcon_core.package_identification:_identify(src/livox_ros2_driver/livox_ros2_driver) by extensions ['ignore', 'ignore_ament_install']
[0.139s] Level 1:colcon.colcon_core.package_identification:_identify(src/livox_ros2_driver/livox_ros2_driver) by extension 'ignore'
[0.139s] Level 1:colcon.colcon_core.package_identification:_identify(src/livox_ros2_driver/livox_ros2_driver) by extension 'ignore_ament_install'
[0.139s] Level 1:colcon.colcon_core.package_identification:_identify(src/livox_ros2_driver/livox_ros2_driver) by extensions ['colcon_pkg']
[0.139s] Level 1:colcon.colcon_core.package_identification:_identify(src/livox_ros2_driver/livox_ros2_driver) by extension 'colcon_pkg'
[0.139s] Level 1:colcon.colcon_core.package_identification:_identify(src/livox_ros2_driver/livox_ros2_driver) by extensions ['colcon_meta']
[0.139s] Level 1:colcon.colcon_core.package_identification:_identify(src/livox_ros2_driver/livox_ros2_driver) by extension 'colcon_meta'
[0.139s] Level 1:colcon.colcon_core.package_identification:_identify(src/livox_ros2_driver/livox_ros2_driver) by extensions ['ros']
[0.139s] Level 1:colcon.colcon_core.package_identification:_identify(src/livox_ros2_driver/livox_ros2_driver) by extension 'ros'
[0.140s] DEBUG:colcon.colcon_core.package_identification:Package 'src/livox_ros2_driver/livox_ros2_driver' with type 'ros.ament_cmake' and name 'livox_ros2_driver'
[0.140s] Level 1:colcon.colcon_core.package_identification:_identify(src/livox_ros2_driver/livox_sdk_vendor) by extensions ['ignore', 'ignore_ament_install']
[0.140s] Level 1:colcon.colcon_core.package_identification:_identify(src/livox_ros2_driver/livox_sdk_vendor) by extension 'ignore'
[0.140s] Level 1:colcon.colcon_core.package_identification:_identify(src/livox_ros2_driver/livox_sdk_vendor) by extension 'ignore_ament_install'
[0.140s] Level 1:colcon.colcon_core.package_identification:_identify(src/livox_ros2_driver/livox_sdk_vendor) by extensions ['colcon_pkg']
[0.140s] Level 1:colcon.colcon_core.package_identification:_identify(src/livox_ros2_driver/livox_sdk_vendor) by extension 'colcon_pkg'
[0.140s] Level 1:colcon.colcon_core.package_identification:_identify(src/livox_ros2_driver/livox_sdk_vendor) by extensions ['colcon_meta']
[0.140s] Level 1:colcon.colcon_core.package_identification:_identify(src/livox_ros2_driver/livox_sdk_vendor) by extension 'colcon_meta'
[0.140s] Level 1:colcon.colcon_core.package_identification:_identify(src/livox_ros2_driver/livox_sdk_vendor) by extensions ['ros']
[0.140s] Level 1:colcon.colcon_core.package_identification:_identify(src/livox_ros2_driver/livox_sdk_vendor) by extension 'ros'
[0.140s] DEBUG:colcon.colcon_core.package_identification:Package 'src/livox_ros2_driver/livox_sdk_vendor' with type 'ros.ament_cmake' and name 'livox_sdk_vendor'
[0.140s] Level 1:colcon.colcon_core.package_discovery:discover_packages(recursive) using defaults
[0.140s] Level 1:colcon.colcon_core.package_discovery:discover_packages(ignore) discover
[0.140s] Level 1:colcon.colcon_core.package_discovery:discover_packages(ignore) using defaults
[0.140s] Level 1:colcon.colcon_core.package_discovery:discover_packages(path) discover
[0.140s] Level 1:colcon.colcon_core.package_discovery:discover_packages(path) using defaults
[0.154s] INFO:colcon.colcon_core.package_selection:Skipping not selected package 'livox_interfaces' in 'src/livox_ros2_driver/livox_interfaces'
[0.154s] INFO:colcon.colcon_core.package_selection:Skipping not selected package 'livox_sdk_vendor' in 'src/livox_ros2_driver/livox_sdk_vendor'
[0.155s] Level 1:colcon.colcon_core.package_discovery:discover_packages(prefix_path) check parameters
[0.155s] Level 1:colcon.colcon_core.package_discovery:discover_packages(prefix_path) discover
[0.157s] DEBUG:colcon.colcon_installed_package_information.package_discovery:Found 295 installed packages in /opt/ros/jazzy
[0.157s] Level 1:colcon.colcon_core.package_discovery:discover_packages(prefix_path) using defaults
[0.187s] Level 5:colcon.colcon_core.verb:set package 'livox_ros2_driver' build argument 'cmake_args' from command line to 'None'
[0.187s] Level 5:colcon.colcon_core.verb:set package 'livox_ros2_driver' build argument 'cmake_target' from command line to 'None'
[0.187s] Level 5:colcon.colcon_core.verb:set package 'livox_ros2_driver' build argument 'cmake_target_skip_unavailable' from command line to 'False'
[0.187s] Level 5:colcon.colcon_core.verb:set package 'livox_ros2_driver' build argument 'cmake_clean_cache' from command line to 'False'
[0.187s] Level 5:colcon.colcon_core.verb:set package 'livox_ros2_driver' build argument 'cmake_clean_first' from command line to 'False'
[0.187s] Level 5:colcon.colcon_core.verb:set package 'livox_ros2_driver' build argument 'cmake_force_configure' from command line to 'False'
[0.187s] Level 5:colcon.colcon_core.verb:set package 'livox_ros2_driver' build argument 'ament_cmake_args' from command line to 'None'
[0.187s] Level 5:colcon.colcon_core.verb:set package 'livox_ros2_driver' build argument 'catkin_cmake_args' from command line to 'None'
[0.187s] Level 5:colcon.colcon_core.verb:set package 'livox_ros2_driver' build argument 'catkin_skip_building_tests' from command line to 'False'
[0.187s] DEBUG:colcon.colcon_core.verb:Building package 'livox_ros2_driver' with the following arguments: {'ament_cmake_args': None, 'build_base': '/home/uos-robotics/ros2_ws/src/sensor_drivers/ws_livox/build/livox_ros2_driver', 'catkin_cmake_args': None, 'catkin_skip_building_tests': False, 'cmake_args': None, 'cmake_clean_cache': False, 'cmake_clean_first': False, 'cmake_force_configure': False, 'cmake_target': None, 'cmake_target_skip_unavailable': False, 'install_base': '/home/uos-robotics/ros2_ws/src/sensor_drivers/ws_livox/install/livox_ros2_driver', 'merge_install': False, 'path': '/home/uos-robotics/ros2_ws/src/sensor_drivers/ws_livox/src/livox_ros2_driver/livox_ros2_driver', 'symlink_install': True, 'test_result_base': None}
[0.187s] INFO:colcon.colcon_core.executor:Executing jobs using 'parallel' executor
[0.188s] DEBUG:colcon.colcon_parallel_executor.executor.parallel:run_until_complete
[0.189s] INFO:colcon.colcon_ros.task.ament_cmake.build:Building ROS package in '/home/uos-robotics/ros2_ws/src/sensor_drivers/ws_livox/src/livox_ros2_driver/livox_ros2_driver' with build type 'ament_cmake'
[0.189s] INFO:colcon.colcon_cmake.task.cmake.build:Building CMake package in '/home/uos-robotics/ros2_ws/src/sensor_drivers/ws_livox/src/livox_ros2_driver/livox_ros2_driver'
[0.190s] INFO:colcon.colcon_core.plugin_system:Skipping extension 'colcon_core.shell.bat': Not used on non-Windows systems
[0.190s] INFO:colcon.colcon_core.shell:Skip shell extension 'powershell' for command environment: Not usable outside of PowerShell
[0.190s] DEBUG:colcon.colcon_core.shell:Skip shell extension 'dsv' for command environment
[0.203s] DEBUG:colcon.colcon_core.event_handler.log_command:Invoking command in '/home/uos-robotics/ros2_ws/src/sensor_drivers/ws_livox/build/livox_ros2_driver': AMENT_PREFIX_PATH=/home/uos-robotics/ros2_ws/src/sensor_drivers/ws_livox/install/livox_sdk_vendor:/home/uos-robotics/ros2_ws/src/sensor_drivers/ws_livox/install/livox_interfaces:${AMENT_PREFIX_PATH} CMAKE_PREFIX_PATH=/home/uos-robotics/ros2_ws/src/sensor_drivers/ws_livox/install/livox_sdk_vendor:/home/uos-robotics/ros2_ws/src/sensor_drivers/ws_livox/install/livox_interfaces:/opt/ros/jazzy/opt/gz_math_vendor:/opt/ros/jazzy/opt/gz_utils_vendor:/opt/ros/jazzy/opt/gz_cmake_vendor:/opt/ros/jazzy DEBUGINFOD_URLS=https://debuginfod.ubuntu.com LD_LIBRARY_PATH=/home/uos-robotics/ros2_ws/src/sensor_drivers/ws_livox/install/livox_interfaces/lib:/opt/ros/jazzy/opt/rviz_ogre_vendor/lib:/opt/ros/jazzy/lib/aarch64-linux-gnu:/opt/ros/jazzy/opt/gz_math_vendor/lib:/opt/ros/jazzy/opt/gz_utils_vendor/lib:/opt/ros/jazzy/opt/gz_cmake_vendor/lib:/opt/ros/jazzy/lib:/usr/local/cuda-13.0/lib64 PYTHONPATH=/home/uos-robotics/ros2_ws/src/sensor_drivers/ws_livox/install/livox_interfaces/lib/python3.12/site-packages:${PYTHONPATH} /usr/bin/cmake --build /home/uos-robotics/ros2_ws/src/sensor_drivers/ws_livox/build/livox_ros2_driver -- -j14 -l14
[8.744s] DEBUG:colcon.colcon_core.event_handler.log_command:Invoked command in '/home/uos-robotics/ros2_ws/src/sensor_drivers/ws_livox/build/livox_ros2_driver' returned '0': AMENT_PREFIX_PATH=/home/uos-robotics/ros2_ws/src/sensor_drivers/ws_livox/install/livox_sdk_vendor:/home/uos-robotics/ros2_ws/src/sensor_drivers/ws_livox/install/livox_interfaces:${AMENT_PREFIX_PATH} CMAKE_PREFIX_PATH=/home/uos-robotics/ros2_ws/src/sensor_drivers/ws_livox/install/livox_sdk_vendor:/home/uos-robotics/ros2_ws/src/sensor_drivers/ws_livox/install/livox_interfaces:/opt/ros/jazzy/opt/gz_math_vendor:/opt/ros/jazzy/opt/gz_utils_vendor:/opt/ros/jazzy/opt/gz_cmake_vendor:/opt/ros/jazzy DEBUGINFOD_URLS=https://debuginfod.ubuntu.com LD_LIBRARY_PATH=/home/uos-robotics/ros2_ws/src/sensor_drivers/ws_livox/install/livox_interfaces/lib:/opt/ros/jazzy/opt/rviz_ogre_vendor/lib:/opt/ros/jazzy/lib/aarch64-linux-gnu:/opt/ros/jazzy/opt/gz_math_vendor/lib:/opt/ros/jazzy/opt/gz_utils_vendor/lib:/opt/ros/jazzy/opt/gz_cmake_vendor/lib:/opt/ros/jazzy/lib:/usr/local/cuda-13.0/lib64 PYTHONPATH=/home/uos-robotics/ros2_ws/src/sensor_drivers/ws_livox/install/livox_interfaces/lib/python3.12/site-packages:${PYTHONPATH} /usr/bin/cmake --build /home/uos-robotics/ros2_ws/src/sensor_drivers/ws_livox/build/livox_ros2_driver -- -j14 -l14
[8.757s] DEBUG:colcon.colcon_core.event_handler.log_command:Invoking command in '/home/uos-robotics/ros2_ws/src/sensor_drivers/ws_livox/build/livox_ros2_driver': AMENT_PREFIX_PATH=/home/uos-robotics/ros2_ws/src/sensor_drivers/ws_livox/install/livox_sdk_vendor:/home/uos-robotics/ros2_ws/src/sensor_drivers/ws_livox/install/livox_interfaces:${AMENT_PREFIX_PATH} CMAKE_PREFIX_PATH=/home/uos-robotics/ros2_ws/src/sensor_drivers/ws_livox/install/livox_sdk_vendor:/home/uos-robotics/ros2_ws/src/sensor_drivers/ws_livox/install/livox_interfaces:/opt/ros/jazzy/opt/gz_math_vendor:/opt/ros/jazzy/opt/gz_utils_vendor:/opt/ros/jazzy/opt/gz_cmake_vendor:/opt/ros/jazzy DEBUGINFOD_URLS=https://debuginfod.ubuntu.com LD_LIBRARY_PATH=/home/uos-robotics/ros2_ws/src/sensor_drivers/ws_livox/install/livox_interfaces/lib:/opt/ros/jazzy/opt/rviz_ogre_vendor/lib:/opt/ros/jazzy/lib/aarch64-linux-gnu:/opt/ros/jazzy/opt/gz_math_vendor/lib:/opt/ros/jazzy/opt/gz_utils_vendor/lib:/opt/ros/jazzy/opt/gz_cmake_vendor/lib:/opt/ros/jazzy/lib:/usr/local/cuda-13.0/lib64 PYTHONPATH=/home/uos-robotics/ros2_ws/src/sensor_drivers/ws_livox/install/livox_interfaces/lib/python3.12/site-packages:${PYTHONPATH} /usr/bin/cmake --install /home/uos-robotics/ros2_ws/src/sensor_drivers/ws_livox/build/livox_ros2_driver
[9.152s] Level 1:colcon.colcon_core.environment:create_environment_scripts_only(livox_ros2_driver)
[9.154s] DEBUG:colcon.colcon_core.event_handler.log_command:Invoked command in '/home/uos-robotics/ros2_ws/src/sensor_drivers/ws_livox/build/livox_ros2_driver' returned '0': AMENT_PREFIX_PATH=/home/uos-robotics/ros2_ws/src/sensor_drivers/ws_livox/install/livox_sdk_vendor:/home/uos-robotics/ros2_ws/src/sensor_drivers/ws_livox/install/livox_interfaces:${AMENT_PREFIX_PATH} CMAKE_PREFIX_PATH=/home/uos-robotics/ros2_ws/src/sensor_drivers/ws_livox/install/livox_sdk_vendor:/home/uos-robotics/ros2_ws/src/sensor_drivers/ws_livox/install/livox_interfaces:/opt/ros/jazzy/opt/gz_math_vendor:/opt/ros/jazzy/opt/gz_utils_vendor:/opt/ros/jazzy/opt/gz_cmake_vendor:/opt/ros/jazzy DEBUGINFOD_URLS=https://debuginfod.ubuntu.com LD_LIBRARY_PATH=/home/uos-robotics/ros2_ws/src/sensor_drivers/ws_livox/install/livox_interfaces/lib:/opt/ros/jazzy/opt/rviz_ogre_vendor/lib:/opt/ros/jazzy/lib/aarch64-linux-gnu:/opt/ros/jazzy/opt/gz_math_vendor/lib:/opt/ros/jazzy/opt/gz_utils_vendor/lib:/opt/ros/jazzy/opt/gz_cmake_vendor/lib:/opt/ros/jazzy/lib:/usr/local/cuda-13.0/lib64 PYTHONPATH=/home/uos-robotics/ros2_ws/src/sensor_drivers/ws_livox/install/livox_interfaces/lib/python3.12/site-packages:${PYTHONPATH} /usr/bin/cmake --install /home/uos-robotics/ros2_ws/src/sensor_drivers/ws_livox/build/livox_ros2_driver
[9.156s] Level 1:colcon.colcon_core.environment:checking '/home/uos-robotics/ros2_ws/src/sensor_drivers/ws_livox/install/livox_ros2_driver' for CMake module files
[9.157s] Level 1:colcon.colcon_core.environment:checking '/home/uos-robotics/ros2_ws/src/sensor_drivers/ws_livox/install/livox_ros2_driver' for CMake config files
[9.158s] Level 1:colcon.colcon_core.shell:create_environment_hook('livox_ros2_driver', 'cmake_prefix_path')
[9.158s] INFO:colcon.colcon_core.shell:Creating environment hook '/home/uos-robotics/ros2_ws/src/sensor_drivers/ws_livox/install/livox_ros2_driver/share/livox_ros2_driver/hook/cmake_prefix_path.ps1'
[9.159s] INFO:colcon.colcon_core.shell:Creating environment descriptor '/home/uos-robotics/ros2_ws/src/sensor_drivers/ws_livox/install/livox_ros2_driver/share/livox_ros2_driver/hook/cmake_prefix_path.dsv'
[9.160s] INFO:colcon.colcon_core.shell:Creating environment hook '/home/uos-robotics/ros2_ws/src/sensor_drivers/ws_livox/install/livox_ros2_driver/share/livox_ros2_driver/hook/cmake_prefix_path.sh'
[9.161s] Level 1:colcon.colcon_core.environment:checking '/home/uos-robotics/ros2_ws/src/sensor_drivers/ws_livox/install/livox_ros2_driver/lib'
[9.162s] Level 1:colcon.colcon_core.shell:create_environment_hook('livox_ros2_driver', 'ld_library_path_lib')
[9.162s] INFO:colcon.colcon_core.shell:Creating environment hook '/home/uos-robotics/ros2_ws/src/sensor_drivers/ws_livox/install/livox_ros2_driver/share/livox_ros2_driver/hook/ld_library_path_lib.ps1'
[9.163s] INFO:colcon.colcon_core.shell:Creating environment descriptor '/home/uos-robotics/ros2_ws/src/sensor_drivers/ws_livox/install/livox_ros2_driver/share/livox_ros2_driver/hook/ld_library_path_lib.dsv'
[9.163s] INFO:colcon.colcon_core.shell:Creating environment hook '/home/uos-robotics/ros2_ws/src/sensor_drivers/ws_livox/install/livox_ros2_driver/share/livox_ros2_driver/hook/ld_library_path_lib.sh'
[9.164s] Level 1:colcon.colcon_core.environment:checking '/home/uos-robotics/ros2_ws/src/sensor_drivers/ws_livox/install/livox_ros2_driver/bin'
[9.164s] Level 1:colcon.colcon_core.environment:checking '/home/uos-robotics/ros2_ws/src/sensor_drivers/ws_livox/install/livox_ros2_driver/lib/pkgconfig/livox_ros2_driver.pc'
[9.164s] Level 1:colcon.colcon_core.environment:checking '/home/uos-robotics/ros2_ws/src/sensor_drivers/ws_livox/install/livox_ros2_driver/lib/python3.12/site-packages'
[9.165s] Level 1:colcon.colcon_core.environment:checking '/home/uos-robotics/ros2_ws/src/sensor_drivers/ws_livox/install/livox_ros2_driver/bin'
[9.165s] INFO:colcon.colcon_core.shell:Creating package script '/home/uos-robotics/ros2_ws/src/sensor_drivers/ws_livox/install/livox_ros2_driver/share/livox_ros2_driver/package.ps1'
[9.167s] INFO:colcon.colcon_core.shell:Creating package descriptor '/home/uos-robotics/ros2_ws/src/sensor_drivers/ws_livox/install/livox_ros2_driver/share/livox_ros2_driver/package.dsv'
[9.168s] INFO:colcon.colcon_core.shell:Creating package script '/home/uos-robotics/ros2_ws/src/sensor_drivers/ws_livox/install/livox_ros2_driver/share/livox_ros2_driver/package.sh'
[9.169s] INFO:colcon.colcon_core.shell:Creating package script '/home/uos-robotics/ros2_ws/src/sensor_drivers/ws_livox/install/livox_ros2_driver/share/livox_ros2_driver/package.bash'
[9.170s] INFO:colcon.colcon_core.shell:Creating package script '/home/uos-robotics/ros2_ws/src/sensor_drivers/ws_livox/install/livox_ros2_driver/share/livox_ros2_driver/package.zsh'
[9.171s] Level 1:colcon.colcon_core.environment:create_file_with_runtime_dependencies(/home/uos-robotics/ros2_ws/src/sensor_drivers/ws_livox/install/livox_ros2_driver/share/colcon-core/packages/livox_ros2_driver)
[9.171s] Level 1:colcon.colcon_core.environment:create_environment_scripts_only(livox_ros2_driver)
[9.172s] Level 1:colcon.colcon_core.environment:checking '/home/uos-robotics/ros2_ws/src/sensor_drivers/ws_livox/install/livox_ros2_driver' for CMake module files
[9.173s] Level 1:colcon.colcon_core.environment:checking '/home/uos-robotics/ros2_ws/src/sensor_drivers/ws_livox/install/livox_ros2_driver' for CMake config files
[9.173s] Level 1:colcon.colcon_core.shell:create_environment_hook('livox_ros2_driver', 'cmake_prefix_path')
[9.173s] INFO:colcon.colcon_core.shell:Creating environment hook '/home/uos-robotics/ros2_ws/src/sensor_drivers/ws_livox/install/livox_ros2_driver/share/livox_ros2_driver/hook/cmake_prefix_path.ps1'
[9.174s] INFO:colcon.colcon_core.shell:Creating environment descriptor '/home/uos-robotics/ros2_ws/src/sensor_drivers/ws_livox/install/livox_ros2_driver/share/livox_ros2_driver/hook/cmake_prefix_path.dsv'
[9.174s] INFO:colcon.colcon_core.shell:Creating environment hook '/home/uos-robotics/ros2_ws/src/sensor_drivers/ws_livox/install/livox_ros2_driver/share/livox_ros2_driver/hook/cmake_prefix_path.sh'
[9.175s] Level 1:colcon.colcon_core.environment:checking '/home/uos-robotics/ros2_ws/src/sensor_drivers/ws_livox/install/livox_ros2_driver/lib'
[9.175s] Level 1:colcon.colcon_core.shell:create_environment_hook('livox_ros2_driver', 'ld_library_path_lib')
[9.176s] INFO:colcon.colcon_core.shell:Creating environment hook '/home/uos-robotics/ros2_ws/src/sensor_drivers/ws_livox/install/livox_ros2_driver/share/livox_ros2_driver/hook/ld_library_path_lib.ps1'
[9.176s] INFO:colcon.colcon_core.shell:Creating environment descriptor '/home/uos-robotics/ros2_ws/src/sensor_drivers/ws_livox/install/livox_ros2_driver/share/livox_ros2_driver/hook/ld_library_path_lib.dsv'
[9.176s] INFO:colcon.colcon_core.shell:Creating environment hook '/home/uos-robotics/ros2_ws/src/sensor_drivers/ws_livox/install/livox_ros2_driver/share/livox_ros2_driver/hook/ld_library_path_lib.sh'
[9.177s] Level 1:colcon.colcon_core.environment:checking '/home/uos-robotics/ros2_ws/src/sensor_drivers/ws_livox/install/livox_ros2_driver/bin'
[9.177s] Level 1:colcon.colcon_core.environment:checking '/home/uos-robotics/ros2_ws/src/sensor_drivers/ws_livox/install/livox_ros2_driver/lib/pkgconfig/livox_ros2_driver.pc'
[9.177s] Level 1:colcon.colcon_core.environment:checking '/home/uos-robotics/ros2_ws/src/sensor_drivers/ws_livox/install/livox_ros2_driver/lib/python3.12/site-packages'
[9.178s] Level 1:colcon.colcon_core.environment:checking '/home/uos-robotics/ros2_ws/src/sensor_drivers/ws_livox/install/livox_ros2_driver/bin'
[9.178s] INFO:colcon.colcon_core.shell:Creating package script '/home/uos-robotics/ros2_ws/src/sensor_drivers/ws_livox/install/livox_ros2_driver/share/livox_ros2_driver/package.ps1'
[9.179s] INFO:colcon.colcon_core.shell:Creating package descriptor '/home/uos-robotics/ros2_ws/src/sensor_drivers/ws_livox/install/livox_ros2_driver/share/livox_ros2_driver/package.dsv'
[9.180s] INFO:colcon.colcon_core.shell:Creating package script '/home/uos-robotics/ros2_ws/src/sensor_drivers/ws_livox/install/livox_ros2_driver/share/livox_ros2_driver/package.sh'
[9.181s] INFO:colcon.colcon_core.shell:Creating package script '/home/uos-robotics/ros2_ws/src/sensor_drivers/ws_livox/install/livox_ros2_driver/share/livox_ros2_driver/package.bash'
[9.181s] INFO:colcon.colcon_core.shell:Creating package script '/home/uos-robotics/ros2_ws/src/sensor_drivers/ws_livox/install/livox_ros2_driver/share/livox_ros2_driver/package.zsh'
[9.182s] Level 1:colcon.colcon_core.environment:create_file_with_runtime_dependencies(/home/uos-robotics/ros2_ws/src/sensor_drivers/ws_livox/install/livox_ros2_driver/share/colcon-core/packages/livox_ros2_driver)
[9.182s] DEBUG:colcon.colcon_parallel_executor.executor.parallel:closing loop
[9.182s] DEBUG:colcon.colcon_parallel_executor.executor.parallel:loop closed
[9.182s] DEBUG:colcon.colcon_parallel_executor.executor.parallel:run_until_complete finished with '0'
[9.183s] DEBUG:colcon.colcon_core.event_reactor:joining thread
[9.192s] INFO:colcon.colcon_core.plugin_system:Skipping extension 'colcon_notification.desktop_notification.terminal_notifier': Not used on non-Darwin systems
[9.192s] INFO:colcon.colcon_core.plugin_system:Skipping extension 'colcon_notification.desktop_notification.win32': Not used on non-Windows systems
[9.192s] INFO:colcon.colcon_notification.desktop_notification:Sending desktop notification using 'notify2'
[9.193s] DEBUG:colcon.colcon_notification.desktop_notification.notify2:Failed to initialize notify2: org.freedesktop.DBus.Error.AccessDenied: Failed to connect to socket /run/user/1000/bus: Operation not permitted
[9.193s] DEBUG:colcon.colcon_core.event_reactor:joined thread
[9.193s] INFO:colcon.colcon_core.shell:Creating prefix script '/home/uos-robotics/ros2_ws/src/sensor_drivers/ws_livox/install/local_setup.ps1'
[9.194s] INFO:colcon.colcon_core.shell:Creating prefix util module '/home/uos-robotics/ros2_ws/src/sensor_drivers/ws_livox/install/_local_setup_util_ps1.py'
[9.196s] INFO:colcon.colcon_core.shell:Creating prefix chain script '/home/uos-robotics/ros2_ws/src/sensor_drivers/ws_livox/install/setup.ps1'
[9.198s] INFO:colcon.colcon_core.shell:Creating prefix script '/home/uos-robotics/ros2_ws/src/sensor_drivers/ws_livox/install/local_setup.sh'
[9.198s] INFO:colcon.colcon_core.shell:Creating prefix util module '/home/uos-robotics/ros2_ws/src/sensor_drivers/ws_livox/install/_local_setup_util_sh.py'
[9.200s] INFO:colcon.colcon_core.shell:Creating prefix chain script '/home/uos-robotics/ros2_ws/src/sensor_drivers/ws_livox/install/setup.sh'
[9.201s] INFO:colcon.colcon_core.shell:Creating prefix script '/home/uos-robotics/ros2_ws/src/sensor_drivers/ws_livox/install/local_setup.bash'
[9.202s] INFO:colcon.colcon_core.shell:Creating prefix chain script '/home/uos-robotics/ros2_ws/src/sensor_drivers/ws_livox/install/setup.bash'
[9.203s] INFO:colcon.colcon_core.shell:Creating prefix script '/home/uos-robotics/ros2_ws/src/sensor_drivers/ws_livox/install/local_setup.zsh'
[9.204s] INFO:colcon.colcon_core.shell:Creating prefix chain script '/home/uos-robotics/ros2_ws/src/sensor_drivers/ws_livox/install/setup.zsh'
