CMake Warning (dev) at /usr/lib/aarch64-linux-gnu/cmake/pcl/Modules/FindFLANN.cmake:45 (find_package):
  Policy CMP0144 is not set: find_package uses upper-case <PACKAGENAME>_ROOT
  variables.  Run "cmake --help-policy CMP0144" for policy details.  Use the
  cmake_policy command to set the policy and suppress this warning.

  CMake variable FLANN_ROOT is set to:

    /usr

  For compatibility, find_package is ignoring the variable, but code in a
  .cmake module might still use it.
Call Stack (most recent call first):
  /usr/lib/aarch64-linux-gnu/cmake/pcl/PCLConfig.cmake:261 (find_package)
  /usr/lib/aarch64-linux-gnu/cmake/pcl/PCLConfig.cmake:306 (find_flann)
  /usr/lib/aarch64-linux-gnu/cmake/pcl/PCLConfig.cmake:570 (find_external_library)
  /opt/ros/jazzy/share/pcl_conversions/cmake/ament_cmake_export_dependencies-extras.cmake:21 (find_package)
  /opt/ros/jazzy/share/pcl_conversions/cmake/pcl_conversionsConfig.cmake:41 (include)
  /opt/ros/jazzy/share/ament_cmake_auto/cmake/ament_auto_find_build_dependencies.cmake:67 (find_package)
  CMakeLists.txt:30 (ament_auto_find_build_dependencies)
This warning is for project developers.  Use -Wno-dev to suppress it.

CMake Warning (dev) at CMakeLists.txt:31 (find_package):
  Policy CMP0074 is not set: find_package uses <PackageName>_ROOT variables.
  Run "cmake --help-policy CMP0074" for policy details.  Use the cmake_policy
  command to set the policy and suppress this warning.

  CMake variable PCL_ROOT is set to:

    /usr

  For compatibility, CMake is ignoring the variable.
This warning is for project developers.  Use -Wno-dev to suppress it.

/usr/include/apr-1.0
apr-1
In file included from /home/uos-robotics/ros2_ws/src/sensor_drivers/ws_livox/src/livox_ros2_driver/livox_ros2_driver/livox_ros2_driver/lds_lidar.h:36,
                 from /home/uos-robotics/ros2_ws/src/sensor_drivers/ws_livox/src/livox_ros2_driver/livox_ros2_driver/livox_ros2_driver/lds_lidar.cpp:25:
/home/uos-robotics/ros2_ws/src/sensor_drivers/ws_livox/src/livox_ros2_driver/livox_ros2_driver/common/rapidjson/document.h:27:10: fatal error: internal/meta.h: No such file or directory
   27 | #include "internal/meta.h"
      |          ^~~~~~~~~~~~~~~~~
compilation terminated.
gmake[2]: *** [CMakeFiles/livox_ros2_driver.dir/build.make:132: CMakeFiles/livox_ros2_driver.dir/livox_ros2_driver/lds_lidar.cpp.o] Error 1
gmake[2]: *** Waiting for unfinished jobs....
In file included from /home/uos-robotics/ros2_ws/src/sensor_drivers/ws_livox/src/livox_ros2_driver/livox_ros2_driver/livox_ros2_driver/lds_hub.cpp:32:
/home/uos-robotics/ros2_ws/src/sensor_drivers/ws_livox/src/livox_ros2_driver/livox_ros2_driver/common/rapidjson/document.h:27:10: fatal error: internal/meta.h: No such file or directory
   27 | #include "internal/meta.h"
      |          ^~~~~~~~~~~~~~~~~
compilation terminated.
gmake[2]: *** [CMakeFiles/livox_ros2_driver.dir/build.make:146: CMakeFiles/livox_ros2_driver.dir/livox_ros2_driver/lds_hub.cpp.o] Error 1
In file included from /home/uos-robotics/ros2_ws/src/sensor_drivers/ws_livox/src/livox_ros2_driver/livox_ros2_driver/livox_ros2_driver/lds_lidar.h:36,
                 from /home/uos-robotics/ros2_ws/src/sensor_drivers/ws_livox/src/livox_ros2_driver/livox_ros2_driver/livox_ros2_driver/lddc.cpp:38:
/home/uos-robotics/ros2_ws/src/sensor_drivers/ws_livox/src/livox_ros2_driver/livox_ros2_driver/common/rapidjson/document.h:27:10: fatal error: internal/meta.h: No such file or directory
   27 | #include "internal/meta.h"
      |          ^~~~~~~~~~~~~~~~~
compilation terminated.
gmake[2]: *** [CMakeFiles/livox_ros2_driver.dir/build.make:160: CMakeFiles/livox_ros2_driver.dir/livox_ros2_driver/lddc.cpp.o] Error 1
In file included from /home/uos-robotics/ros2_ws/src/sensor_drivers/ws_livox/src/livox_ros2_driver/livox_ros2_driver/livox_ros2_driver/lds_lidar.h:36,
                 from /home/uos-robotics/ros2_ws/src/sensor_drivers/ws_livox/src/livox_ros2_driver/livox_ros2_driver/livox_ros2_driver/livox_ros2_driver.cpp:42:
/home/uos-robotics/ros2_ws/src/sensor_drivers/ws_livox/src/livox_ros2_driver/livox_ros2_driver/common/rapidjson/document.h:27:10: fatal error: internal/meta.h: No such file or directory
   27 | #include "internal/meta.h"
      |          ^~~~~~~~~~~~~~~~~
compilation terminated.
gmake[2]: *** [CMakeFiles/livox_ros2_driver.dir/build.make:174: CMakeFiles/livox_ros2_driver.dir/livox_ros2_driver/livox_ros2_driver.cpp.o] Error 1
gmake[1]: *** [CMakeFiles/Makefile2:139: CMakeFiles/livox_ros2_driver.dir/all] Error 2
gmake[1]: *** Waiting for unfinished jobs....
gmake: *** [Makefile:146: all] Error 2
