-- The C compiler identification is GNU 13.3.0
-- The CXX compiler identification is GNU 13.3.0
-- Detecting C compiler ABI info
-- Detecting C compiler ABI info - done
-- Check for working C compiler: /usr/bin/cc - skipped
-- Detecting C compile features
-- Detecting C compile features - done
-- Detecting CXX compiler ABI info
-- Detecting CXX compiler ABI info - done
-- Check for working CXX compiler: /usr/bin/c++ - skipped
-- Detecting CXX compile features
-- Detecting CXX compile features - done
-- Found ament_cmake: 2.5.6 (/opt/ros/jazzy/share/ament_cmake/cmake)
-- Found Python3: /usr/bin/python3 (found version "3.12.3") found components: Interpreter 
-- Override CMake install command with custom implementation using symlinks instead of copying resources
-- Configuring done (0.9s)
-- Generating done (0.0s)
-- Build files have been written to: /home/uos-robotics/ros2_ws/src/sensor_drivers/ws_livox/build/livox_sdk_vendor
[ 12%] Creating directories for 'livox-sdk-v2.3.1'
[ 25%] Performing download step (git clone) for 'livox-sdk-v2.3.1'
Cloning into 'livox-sdk-v2.3.1'...
fatal: unable to access 'https://github.com/Livox-SDK/Livox-SDK.git/': Could not resolve host: github.com
Cloning into 'livox-sdk-v2.3.1'...
fatal: unable to access 'https://github.com/Livox-SDK/Livox-SDK.git/': Could not resolve host: github.com
Cloning into 'livox-sdk-v2.3.1'...
fatal: unable to access 'https://github.com/Livox-SDK/Livox-SDK.git/': Could not resolve host: github.com
-- Had to git clone more than once: 3 times.
CMake Error at /home/uos-robotics/ros2_ws/src/sensor_drivers/ws_livox/build/livox_sdk_vendor/livox-sdk-v2.3.1-prefix/tmp/livox-sdk-v2.3.1-gitclone.cmake:39 (message):
  Failed to clone repository: 'https://github.com/Livox-SDK/Livox-SDK.git'


gmake[2]: *** [CMakeFiles/livox-sdk-v2.3.1.dir/build.make:98: livox-sdk-v2.3.1-prefix/src/livox-sdk-v2.3.1-stamp/livox-sdk-v2.3.1-download] Error 1
gmake[1]: *** [CMakeFiles/Makefile2:137: CMakeFiles/livox-sdk-v2.3.1.dir/all] Error 2
gmake: *** [Makefile:146: all] Error 2
