[0.007s] Invoking command in '/home/uos-robotics/ros2_ws/src/sensor_drivers/ws_livox/build/livox_sdk_vendor': CMAKE_PREFIX_PATH=${CMAKE_PREFIX_PATH}:/opt/ros/jazzy DEBUGINFOD_URLS=https://debuginfod.ubuntu.com /usr/bin/cmake /home/uos-robotics/ros2_ws/src/sensor_drivers/ws_livox/src/livox_ros2_driver/livox_sdk_vendor -DAMENT_CMAKE_SYMLINK_INSTALL=1 -DCMAKE_INSTALL_PREFIX=/home/uos-robotics/ros2_ws/src/sensor_drivers/ws_livox/install/livox_sdk_vendor
[0.074s] -- The C compiler identification is GNU 13.3.0
[0.143s] -- The CXX compiler identification is GNU 13.3.0
[0.169s] -- Detecting C compiler ABI info
[0.281s] -- Detecting C compiler ABI info - done
[0.300s] -- Check for working C compiler: /usr/bin/cc - skipped
[0.300s] -- Detecting C compile features
[0.301s] -- Detecting C compile features - done
[0.316s] -- Detecting CXX compiler ABI info
[0.443s] -- Detecting CXX compiler ABI info - done
[0.461s] -- Check for working CXX compiler: /usr/bin/c++ - skipped
[0.462s] -- Detecting CXX compile features
[0.463s] -- Detecting CXX compile features - done
[0.467s] -- Found ament_cmake: 2.5.6 (/opt/ros/jazzy/share/ament_cmake/cmake)
[0.659s] -- Found Python3: /usr/bin/python3 (found version "3.12.3") found components: Interpreter 
[0.738s] -- Override CMake install command with custom implementation using symlinks instead of copying resources
[0.930s] -- Configuring done (0.9s)
[0.934s] -- Generating done (0.0s)
[0.937s] -- Build files have been written to: /home/uos-robotics/ros2_ws/src/sensor_drivers/ws_livox/build/livox_sdk_vendor
[0.955s] Invoked command in '/home/uos-robotics/ros2_ws/src/sensor_drivers/ws_livox/build/livox_sdk_vendor' returned '0': CMAKE_PREFIX_PATH=${CMAKE_PREFIX_PATH}:/opt/ros/jazzy DEBUGINFOD_URLS=https://debuginfod.ubuntu.com /usr/bin/cmake /home/uos-robotics/ros2_ws/src/sensor_drivers/ws_livox/src/livox_ros2_driver/livox_sdk_vendor -DAMENT_CMAKE_SYMLINK_INSTALL=1 -DCMAKE_INSTALL_PREFIX=/home/uos-robotics/ros2_ws/src/sensor_drivers/ws_livox/install/livox_sdk_vendor
[0.955s] Invoking command in '/home/uos-robotics/ros2_ws/src/sensor_drivers/ws_livox/build/livox_sdk_vendor': CMAKE_PREFIX_PATH=${CMAKE_PREFIX_PATH}:/opt/ros/jazzy DEBUGINFOD_URLS=https://debuginfod.ubuntu.com /usr/bin/cmake --build /home/uos-robotics/ros2_ws/src/sensor_drivers/ws_livox/build/livox_sdk_vendor -- -j14 -l14
[1.016s] [ 12%] Creating directories for 'livox-sdk-v2.3.1'
[1.047s] [ 25%] Performing download step (git clone) for 'livox-sdk-v2.3.1'
[1.074s] Cloning into 'livox-sdk-v2.3.1'...
[1.089s] fatal: unable to access 'https://github.com/Livox-SDK/Livox-SDK.git/': Could not resolve host: github.com
[1.094s] Cloning into 'livox-sdk-v2.3.1'...
[1.103s] fatal: unable to access 'https://github.com/Livox-SDK/Livox-SDK.git/': Could not resolve host: github.com
[1.109s] Cloning into 'livox-sdk-v2.3.1'...
[1.118s] fatal: unable to access 'https://github.com/Livox-SDK/Livox-SDK.git/': Could not resolve host: github.com
[1.120s] -- Had to git clone more than once: 3 times.
[1.121s] CMake Error at /home/uos-robotics/ros2_ws/src/sensor_drivers/ws_livox/build/livox_sdk_vendor/livox-sdk-v2.3.1-prefix/tmp/livox-sdk-v2.3.1-gitclone.cmake:39 (message):
[1.121s]   Failed to clone repository: 'https://github.com/Livox-SDK/Livox-SDK.git'
[1.121s] 
[1.121s] 
[1.123s] gmake[2]: *** [CMakeFiles/livox-sdk-v2.3.1.dir/build.make:98: livox-sdk-v2.3.1-prefix/src/livox-sdk-v2.3.1-stamp/livox-sdk-v2.3.1-download] Error 1
[1.123s] gmake[1]: *** [CMakeFiles/Makefile2:137: CMakeFiles/livox-sdk-v2.3.1.dir/all] Error 2
[1.124s] gmake: *** [Makefile:146: all] Error 2
[1.129s] Invoked command in '/home/uos-robotics/ros2_ws/src/sensor_drivers/ws_livox/build/livox_sdk_vendor' returned '2': CMAKE_PREFIX_PATH=${CMAKE_PREFIX_PATH}:/opt/ros/jazzy DEBUGINFOD_URLS=https://debuginfod.ubuntu.com /usr/bin/cmake --build /home/uos-robotics/ros2_ws/src/sensor_drivers/ws_livox/build/livox_sdk_vendor -- -j14 -l14
