[  2%] Generating type hashes for ROS interfaces
[  4%] Generating Rust code for ROS interfaces
[  4%] Built target ament_cmake_python_symlink_livox_interfaces
running egg_info
creating livox_interfaces.egg-info
writing livox_interfaces.egg-info/PKG-INFO
writing dependency_links to livox_interfaces.egg-info/dependency_links.txt
writing top-level names to livox_interfaces.egg-info/top_level.txt
writing manifest file 'livox_interfaces.egg-info/SOURCES.txt'
reading manifest file 'livox_interfaces.egg-info/SOURCES.txt'
writing manifest file 'livox_interfaces.egg-info/SOURCES.txt'
[  4%] Built target ament_cmake_python_build_livox_interfaces_egg
[  4%] Built target livox_interfaces__rosidl_generator_type_description
[  4%] Built target livox_interfaces__rs
[  6%] Generating C code for ROS interfaces
[  8%] Generating C++ code for ROS interfaces
[  8%] Built target livox_interfaces__cpp
[ 11%] Building C object CMakeFiles/livox_interfaces__rosidl_generator_c.dir/rosidl_generator_c/livox_interfaces/msg/detail/custom_point__functions.c.o
[ 13%] Building C object CMakeFiles/livox_interfaces__rosidl_generator_c.dir/rosidl_generator_c/livox_interfaces/msg/detail/custom_point__type_support.c.o
[ 15%] Building C object CMakeFiles/livox_interfaces__rosidl_generator_c.dir/rosidl_generator_c/livox_interfaces/msg/detail/custom_point__description.c.o
[ 17%] Building C object CMakeFiles/livox_interfaces__rosidl_generator_c.dir/rosidl_generator_c/livox_interfaces/msg/detail/custom_msg__description.c.o
[ 20%] Building C object CMakeFiles/livox_interfaces__rosidl_generator_c.dir/rosidl_generator_c/livox_interfaces/msg/detail/custom_msg__type_support.c.o
[ 22%] Building C object CMakeFiles/livox_interfaces__rosidl_generator_c.dir/rosidl_generator_c/livox_interfaces/msg/detail/custom_msg__functions.c.o
[ 24%] Linking C shared library liblivox_interfaces__rosidl_generator_c.so
[ 24%] Built target livox_interfaces__rosidl_generator_c
[ 26%] Generating C++ type support for eProsima Fast-RTPS
[ 28%] Generating C type support dispatch for ROS interfaces
[ 31%] Generating C introspection for ROS interfaces
[ 33%] Generating C type support for eProsima Fast-RTPS
[ 35%] Generating C++ type support dispatch for ROS interfaces
[ 37%] Generating C++ introspection for ROS interfaces
[ 40%] Building CXX object CMakeFiles/livox_interfaces__rosidl_typesupport_cpp.dir/rosidl_typesupport_cpp/livox_interfaces/msg/custom_msg__type_support.cpp.o
[ 42%] Building CXX object CMakeFiles/livox_interfaces__rosidl_typesupport_cpp.dir/rosidl_typesupport_cpp/livox_interfaces/msg/custom_point__type_support.cpp.o
[ 44%] Building CXX object CMakeFiles/livox_interfaces__rosidl_typesupport_c.dir/rosidl_typesupport_c/livox_interfaces/msg/custom_msg__type_support.cpp.o
[ 46%] Building CXX object CMakeFiles/livox_interfaces__rosidl_typesupport_c.dir/rosidl_typesupport_c/livox_interfaces/msg/custom_point__type_support.cpp.o
[ 51%] Building CXX object CMakeFiles/livox_interfaces__rosidl_typesupport_fastrtps_cpp.dir/rosidl_typesupport_fastrtps_cpp/livox_interfaces/msg/detail/dds_fastrtps/custom_point__type_support.cpp.o
[ 51%] Building CXX object CMakeFiles/livox_interfaces__rosidl_typesupport_fastrtps_cpp.dir/rosidl_typesupport_fastrtps_cpp/livox_interfaces/msg/detail/dds_fastrtps/custom_msg__type_support.cpp.o
[ 53%] Building C object CMakeFiles/livox_interfaces__rosidl_typesupport_introspection_c.dir/rosidl_typesupport_introspection_c/livox_interfaces/msg/detail/custom_point__type_support.c.o
[ 55%] Building C object CMakeFiles/livox_interfaces__rosidl_typesupport_introspection_c.dir/rosidl_typesupport_introspection_c/livox_interfaces/msg/detail/custom_msg__type_support.c.o
[ 57%] Building CXX object CMakeFiles/livox_interfaces__rosidl_typesupport_fastrtps_c.dir/rosidl_typesupport_fastrtps_c/livox_interfaces/msg/detail/custom_msg__type_support_c.cpp.o
[ 60%] Building CXX object CMakeFiles/livox_interfaces__rosidl_typesupport_fastrtps_c.dir/rosidl_typesupport_fastrtps_c/livox_interfaces/msg/detail/custom_point__type_support_c.cpp.o
[ 62%] Linking CXX shared library liblivox_interfaces__rosidl_typesupport_c.so
[ 64%] Building CXX object CMakeFiles/livox_interfaces__rosidl_typesupport_introspection_cpp.dir/rosidl_typesupport_introspection_cpp/livox_interfaces/msg/detail/custom_point__type_support.cpp.o
[ 66%] Building CXX object CMakeFiles/livox_interfaces__rosidl_typesupport_introspection_cpp.dir/rosidl_typesupport_introspection_cpp/livox_interfaces/msg/detail/custom_msg__type_support.cpp.o
[ 68%] Linking C shared library liblivox_interfaces__rosidl_typesupport_introspection_c.so
[ 68%] Built target livox_interfaces__rosidl_typesupport_c
[ 68%] Built target livox_interfaces__rosidl_typesupport_introspection_c
[ 71%] Linking CXX shared library liblivox_interfaces__rosidl_typesupport_cpp.so
[ 71%] Built target livox_interfaces__rosidl_typesupport_cpp
[ 73%] Linking CXX shared library liblivox_interfaces__rosidl_typesupport_introspection_cpp.so
[ 75%] Linking CXX shared library liblivox_interfaces__rosidl_typesupport_fastrtps_c.so
[ 75%] Built target livox_interfaces__rosidl_typesupport_introspection_cpp
[ 77%] Linking CXX shared library liblivox_interfaces__rosidl_typesupport_fastrtps_cpp.so
[ 77%] Built target livox_interfaces__rosidl_typesupport_fastrtps_c
[ 77%] Built target livox_interfaces__rosidl_typesupport_fastrtps_cpp
[ 77%] Built target livox_interfaces
[ 80%] Generating Python code for ROS interfaces
[ 80%] Built target livox_interfaces__py
[ 82%] Building C object CMakeFiles/livox_interfaces__rosidl_generator_py.dir/rosidl_generator_py/livox_interfaces/msg/_custom_point_s.c.o
[ 84%] Building C object CMakeFiles/livox_interfaces__rosidl_generator_py.dir/rosidl_generator_py/livox_interfaces/msg/_custom_msg_s.c.o
[ 86%] Linking C shared library liblivox_interfaces__rosidl_generator_py.so
[ 86%] Built target livox_interfaces__rosidl_generator_py
[ 88%] Building C object CMakeFiles/livox_interfaces_s__rosidl_typesupport_fastrtps_c.dir/rosidl_generator_py/livox_interfaces/_livox_interfaces_s.ep.rosidl_typesupport_fastrtps_c.c.o
[ 91%] Building C object CMakeFiles/livox_interfaces_s__rosidl_typesupport_introspection_c.dir/rosidl_generator_py/livox_interfaces/_livox_interfaces_s.ep.rosidl_typesupport_introspection_c.c.o
[ 93%] Building C object CMakeFiles/livox_interfaces_s__rosidl_typesupport_c.dir/rosidl_generator_py/livox_interfaces/_livox_interfaces_s.ep.rosidl_typesupport_c.c.o
[ 95%] Linking C shared module rosidl_generator_py/livox_interfaces/livox_interfaces_s__rosidl_typesupport_introspection_c.so
[ 97%] Linking C shared module rosidl_generator_py/livox_interfaces/livox_interfaces_s__rosidl_typesupport_c.so
[100%] Linking C shared module rosidl_generator_py/livox_interfaces/livox_interfaces_s__rosidl_typesupport_fastrtps_c.so
[100%] Built target livox_interfaces_s__rosidl_typesupport_introspection_c
[100%] Built target livox_interfaces_s__rosidl_typesupport_fastrtps_c
[100%] Built target livox_interfaces_s__rosidl_typesupport_c
-- Install configuration: ""
-- Execute custom install script
-- Symlinking: /home/uos-robotics/ros2_ws/src/sensor_drivers/ws_livox/install/livox_interfaces/share/ament_index/resource_index/rosidl_interfaces/livox_interfaces
-- Symlinking: /home/uos-robotics/ros2_ws/src/sensor_drivers/ws_livox/install/livox_interfaces/share/livox_interfaces/msg/CustomPoint.json
-- Symlinking: /home/uos-robotics/ros2_ws/src/sensor_drivers/ws_livox/install/livox_interfaces/share/livox_interfaces/msg/CustomMsg.json
-- Symlinking: /home/uos-robotics/ros2_ws/src/sensor_drivers/ws_livox/install/livox_interfaces/include/livox_interfaces/livox_interfaces/msg/custom_msg.h
-- Symlinking: /home/uos-robotics/ros2_ws/src/sensor_drivers/ws_livox/install/livox_interfaces/include/livox_interfaces/livox_interfaces/msg/custom_point.h
-- Symlinking: /home/uos-robotics/ros2_ws/src/sensor_drivers/ws_livox/install/livox_interfaces/include/livox_interfaces/livox_interfaces/msg/detail/custom_msg__functions.h
-- Symlinking: /home/uos-robotics/ros2_ws/src/sensor_drivers/ws_livox/install/livox_interfaces/include/livox_interfaces/livox_interfaces/msg/detail/custom_msg__struct.h
-- Symlinking: /home/uos-robotics/ros2_ws/src/sensor_drivers/ws_livox/install/livox_interfaces/include/livox_interfaces/livox_interfaces/msg/detail/custom_msg__type_support.h
-- Symlinking: /home/uos-robotics/ros2_ws/src/sensor_drivers/ws_livox/install/livox_interfaces/include/livox_interfaces/livox_interfaces/msg/detail/custom_point__functions.h
-- Symlinking: /home/uos-robotics/ros2_ws/src/sensor_drivers/ws_livox/install/livox_interfaces/include/livox_interfaces/livox_interfaces/msg/detail/custom_point__struct.h
-- Symlinking: /home/uos-robotics/ros2_ws/src/sensor_drivers/ws_livox/install/livox_interfaces/include/livox_interfaces/livox_interfaces/msg/detail/custom_point__type_support.h
-- Symlinking: /home/uos-robotics/ros2_ws/src/sensor_drivers/ws_livox/install/livox_interfaces/include/livox_interfaces/livox_interfaces/msg/rosidl_generator_c__visibility_control.h
-- Symlinking: /home/uos-robotics/ros2_ws/src/sensor_drivers/ws_livox/install/livox_interfaces/share/livox_interfaces/environment/library_path.sh
-- Symlinking: /home/uos-robotics/ros2_ws/src/sensor_drivers/ws_livox/install/livox_interfaces/share/livox_interfaces/environment/library_path.dsv
-- Symlinking: /home/uos-robotics/ros2_ws/src/sensor_drivers/ws_livox/install/livox_interfaces/include/livox_interfaces/livox_interfaces/msg/detail/custom_msg__rosidl_typesupport_fastrtps_c.h
-- Symlinking: /home/uos-robotics/ros2_ws/src/sensor_drivers/ws_livox/install/livox_interfaces/include/livox_interfaces/livox_interfaces/msg/detail/custom_point__rosidl_typesupport_fastrtps_c.h
-- Symlinking: /home/uos-robotics/ros2_ws/src/sensor_drivers/ws_livox/install/livox_interfaces/include/livox_interfaces/livox_interfaces/msg/rosidl_typesupport_fastrtps_c__visibility_control.h
-- Symlinking: /home/uos-robotics/ros2_ws/src/sensor_drivers/ws_livox/install/livox_interfaces/include/livox_interfaces/livox_interfaces/msg/custom_msg.hpp
-- Symlinking: /home/uos-robotics/ros2_ws/src/sensor_drivers/ws_livox/install/livox_interfaces/include/livox_interfaces/livox_interfaces/msg/custom_point.hpp
-- Symlinking: /home/uos-robotics/ros2_ws/src/sensor_drivers/ws_livox/install/livox_interfaces/include/livox_interfaces/livox_interfaces/msg/detail/custom_msg__builder.hpp
-- Symlinking: /home/uos-robotics/ros2_ws/src/sensor_drivers/ws_livox/install/livox_interfaces/include/livox_interfaces/livox_interfaces/msg/detail/custom_msg__struct.hpp
-- Symlinking: /home/uos-robotics/ros2_ws/src/sensor_drivers/ws_livox/install/livox_interfaces/include/livox_interfaces/livox_interfaces/msg/detail/custom_msg__traits.hpp
-- Symlinking: /home/uos-robotics/ros2_ws/src/sensor_drivers/ws_livox/install/livox_interfaces/include/livox_interfaces/livox_interfaces/msg/detail/custom_msg__type_support.hpp
-- Symlinking: /home/uos-robotics/ros2_ws/src/sensor_drivers/ws_livox/install/livox_interfaces/include/livox_interfaces/livox_interfaces/msg/detail/custom_point__builder.hpp
-- Symlinking: /home/uos-robotics/ros2_ws/src/sensor_drivers/ws_livox/install/livox_interfaces/include/livox_interfaces/livox_interfaces/msg/detail/custom_point__struct.hpp
-- Symlinking: /home/uos-robotics/ros2_ws/src/sensor_drivers/ws_livox/install/livox_interfaces/include/livox_interfaces/livox_interfaces/msg/detail/custom_point__traits.hpp
-- Symlinking: /home/uos-robotics/ros2_ws/src/sensor_drivers/ws_livox/install/livox_interfaces/include/livox_interfaces/livox_interfaces/msg/detail/custom_point__type_support.hpp
-- Symlinking: /home/uos-robotics/ros2_ws/src/sensor_drivers/ws_livox/install/livox_interfaces/include/livox_interfaces/livox_interfaces/msg/rosidl_generator_cpp__visibility_control.hpp
-- Symlinking: /home/uos-robotics/ros2_ws/src/sensor_drivers/ws_livox/install/livox_interfaces/include/livox_interfaces/livox_interfaces/msg/detail/custom_msg__rosidl_typesupport_fastrtps_cpp.hpp
-- Symlinking: /home/uos-robotics/ros2_ws/src/sensor_drivers/ws_livox/install/livox_interfaces/include/livox_interfaces/livox_interfaces/msg/detail/custom_point__rosidl_typesupport_fastrtps_cpp.hpp
-- Symlinking: /home/uos-robotics/ros2_ws/src/sensor_drivers/ws_livox/install/livox_interfaces/include/livox_interfaces/livox_interfaces/msg/rosidl_typesupport_fastrtps_cpp__visibility_control.h
-- Symlinking: /home/uos-robotics/ros2_ws/src/sensor_drivers/ws_livox/install/livox_interfaces/include/livox_interfaces/livox_interfaces/msg/detail/custom_msg__rosidl_typesupport_introspection_c.h
-- Symlinking: /home/uos-robotics/ros2_ws/src/sensor_drivers/ws_livox/install/livox_interfaces/include/livox_interfaces/livox_interfaces/msg/detail/custom_point__rosidl_typesupport_introspection_c.h
-- Symlinking: /home/uos-robotics/ros2_ws/src/sensor_drivers/ws_livox/install/livox_interfaces/include/livox_interfaces/livox_interfaces/msg/rosidl_typesupport_introspection_c__visibility_control.h
-- Symlinking: /home/uos-robotics/ros2_ws/src/sensor_drivers/ws_livox/install/livox_interfaces/include/livox_interfaces/livox_interfaces/msg/detail/custom_msg__rosidl_typesupport_introspection_cpp.hpp
-- Symlinking: /home/uos-robotics/ros2_ws/src/sensor_drivers/ws_livox/install/livox_interfaces/include/livox_interfaces/livox_interfaces/msg/detail/custom_point__rosidl_typesupport_introspection_cpp.hpp
-- Symlinking: /home/uos-robotics/ros2_ws/src/sensor_drivers/ws_livox/install/livox_interfaces/share/livox_interfaces/environment/pythonpath.sh
-- Symlinking: /home/uos-robotics/ros2_ws/src/sensor_drivers/ws_livox/install/livox_interfaces/share/livox_interfaces/environment/pythonpath.dsv
-- Symlinking: /home/uos-robotics/ros2_ws/src/sensor_drivers/ws_livox/install/livox_interfaces/lib/python3.12/site-packages/livox_interfaces-0.0.1-py3.12.egg-info/PKG-INFO
-- Symlinking: /home/uos-robotics/ros2_ws/src/sensor_drivers/ws_livox/install/livox_interfaces/lib/python3.12/site-packages/livox_interfaces-0.0.1-py3.12.egg-info/SOURCES.txt
-- Symlinking: /home/uos-robotics/ros2_ws/src/sensor_drivers/ws_livox/install/livox_interfaces/lib/python3.12/site-packages/livox_interfaces-0.0.1-py3.12.egg-info/dependency_links.txt
-- Symlinking: /home/uos-robotics/ros2_ws/src/sensor_drivers/ws_livox/install/livox_interfaces/lib/python3.12/site-packages/livox_interfaces-0.0.1-py3.12.egg-info/top_level.txt
-- Symlinking: /home/uos-robotics/ros2_ws/src/sensor_drivers/ws_livox/install/livox_interfaces/lib/python3.12/site-packages/livox_interfaces/__init__.py
-- Symlinking: /home/uos-robotics/ros2_ws/src/sensor_drivers/ws_livox/install/livox_interfaces/lib/python3.12/site-packages/livox_interfaces/_livox_interfaces_s.ep.rosidl_typesupport_c.c
-- Symlinking: /home/uos-robotics/ros2_ws/src/sensor_drivers/ws_livox/install/livox_interfaces/lib/python3.12/site-packages/livox_interfaces/_livox_interfaces_s.ep.rosidl_typesupport_fastrtps_c.c
-- Symlinking: /home/uos-robotics/ros2_ws/src/sensor_drivers/ws_livox/install/livox_interfaces/lib/python3.12/site-packages/livox_interfaces/_livox_interfaces_s.ep.rosidl_typesupport_introspection_c.c
-- Symlinking: /home/uos-robotics/ros2_ws/src/sensor_drivers/ws_livox/install/livox_interfaces/lib/python3.12/site-packages/livox_interfaces/livox_interfaces_s__rosidl_typesupport_c.so
-- Symlinking: /home/uos-robotics/ros2_ws/src/sensor_drivers/ws_livox/install/livox_interfaces/lib/python3.12/site-packages/livox_interfaces/livox_interfaces_s__rosidl_typesupport_fastrtps_c.so
-- Symlinking: /home/uos-robotics/ros2_ws/src/sensor_drivers/ws_livox/install/livox_interfaces/lib/python3.12/site-packages/livox_interfaces/livox_interfaces_s__rosidl_typesupport_introspection_c.so
-- Symlinking: /home/uos-robotics/ros2_ws/src/sensor_drivers/ws_livox/install/livox_interfaces/lib/python3.12/site-packages/livox_interfaces/msg/__init__.py
-- Symlinking: /home/uos-robotics/ros2_ws/src/sensor_drivers/ws_livox/install/livox_interfaces/lib/python3.12/site-packages/livox_interfaces/msg/_custom_msg.py
-- Symlinking: /home/uos-robotics/ros2_ws/src/sensor_drivers/ws_livox/install/livox_interfaces/lib/python3.12/site-packages/livox_interfaces/msg/_custom_msg_s.c
-- Symlinking: /home/uos-robotics/ros2_ws/src/sensor_drivers/ws_livox/install/livox_interfaces/lib/python3.12/site-packages/livox_interfaces/msg/_custom_point.py
-- Symlinking: /home/uos-robotics/ros2_ws/src/sensor_drivers/ws_livox/install/livox_interfaces/lib/python3.12/site-packages/livox_interfaces/msg/_custom_point_s.c
-- Up-to-date symlink: /home/uos-robotics/ros2_ws/src/sensor_drivers/ws_livox/install/livox_interfaces/lib/python3.12/site-packages/livox_interfaces/livox_interfaces_s__rosidl_typesupport_fastrtps_c.so
-- Up-to-date symlink: /home/uos-robotics/ros2_ws/src/sensor_drivers/ws_livox/install/livox_interfaces/lib/python3.12/site-packages/livox_interfaces/livox_interfaces_s__rosidl_typesupport_introspection_c.so
-- Up-to-date symlink: /home/uos-robotics/ros2_ws/src/sensor_drivers/ws_livox/install/livox_interfaces/lib/python3.12/site-packages/livox_interfaces/livox_interfaces_s__rosidl_typesupport_c.so
-- Symlinking: /home/uos-robotics/ros2_ws/src/sensor_drivers/ws_livox/install/livox_interfaces/share/ament_index/resource_index/rust_packages/livox_interfaces
-- Symlinking: /home/uos-robotics/ros2_ws/src/sensor_drivers/ws_livox/install/livox_interfaces/share/livox_interfaces/rust/Cargo.toml
-- Symlinking: /home/uos-robotics/ros2_ws/src/sensor_drivers/ws_livox/install/livox_interfaces/share/livox_interfaces/rust/build.rs
-- Symlinking: /home/uos-robotics/ros2_ws/src/sensor_drivers/ws_livox/install/livox_interfaces/share/livox_interfaces/rust/src/lib.rs
-- Symlinking: /home/uos-robotics/ros2_ws/src/sensor_drivers/ws_livox/install/livox_interfaces/share/livox_interfaces/rust/src/msg.rs
-- Symlinking: /home/uos-robotics/ros2_ws/src/sensor_drivers/ws_livox/install/livox_interfaces/share/livox_interfaces/rust/src/msg/rmw.rs
-- Symlinking: /home/uos-robotics/ros2_ws/src/sensor_drivers/ws_livox/install/livox_interfaces/share/livox_interfaces/msg/CustomPoint.idl
-- Symlinking: /home/uos-robotics/ros2_ws/src/sensor_drivers/ws_livox/install/livox_interfaces/share/livox_interfaces/msg/CustomMsg.idl
-- Symlinking: /home/uos-robotics/ros2_ws/src/sensor_drivers/ws_livox/install/livox_interfaces/share/livox_interfaces/msg/CustomPoint.msg
-- Symlinking: /home/uos-robotics/ros2_ws/src/sensor_drivers/ws_livox/install/livox_interfaces/share/livox_interfaces/msg/CustomMsg.msg
-- Symlinking: /home/uos-robotics/ros2_ws/src/sensor_drivers/ws_livox/install/livox_interfaces/share/ament_index/resource_index/package_run_dependencies/livox_interfaces
-- Symlinking: /home/uos-robotics/ros2_ws/src/sensor_drivers/ws_livox/install/livox_interfaces/share/ament_index/resource_index/parent_prefix_path/livox_interfaces
-- Symlinking: /home/uos-robotics/ros2_ws/src/sensor_drivers/ws_livox/install/livox_interfaces/share/livox_interfaces/environment/ament_prefix_path.sh
-- Symlinking: /home/uos-robotics/ros2_ws/src/sensor_drivers/ws_livox/install/livox_interfaces/share/livox_interfaces/environment/ament_prefix_path.dsv
-- Symlinking: /home/uos-robotics/ros2_ws/src/sensor_drivers/ws_livox/install/livox_interfaces/share/livox_interfaces/environment/path.sh
-- Symlinking: /home/uos-robotics/ros2_ws/src/sensor_drivers/ws_livox/install/livox_interfaces/share/livox_interfaces/environment/path.dsv
-- Symlinking: /home/uos-robotics/ros2_ws/src/sensor_drivers/ws_livox/install/livox_interfaces/share/livox_interfaces/local_setup.bash
-- Symlinking: /home/uos-robotics/ros2_ws/src/sensor_drivers/ws_livox/install/livox_interfaces/share/livox_interfaces/local_setup.sh
-- Symlinking: /home/uos-robotics/ros2_ws/src/sensor_drivers/ws_livox/install/livox_interfaces/share/livox_interfaces/local_setup.zsh
-- Symlinking: /home/uos-robotics/ros2_ws/src/sensor_drivers/ws_livox/install/livox_interfaces/share/livox_interfaces/local_setup.dsv
-- Symlinking: /home/uos-robotics/ros2_ws/src/sensor_drivers/ws_livox/install/livox_interfaces/share/livox_interfaces/package.dsv
-- Symlinking: /home/uos-robotics/ros2_ws/src/sensor_drivers/ws_livox/install/livox_interfaces/share/ament_index/resource_index/packages/livox_interfaces
-- Symlinking: /home/uos-robotics/ros2_ws/src/sensor_drivers/ws_livox/install/livox_interfaces/share/livox_interfaces/cmake/rosidl_cmake-extras.cmake
-- Symlinking: /home/uos-robotics/ros2_ws/src/sensor_drivers/ws_livox/install/livox_interfaces/share/livox_interfaces/cmake/ament_cmake_export_dependencies-extras.cmake
-- Symlinking: /home/uos-robotics/ros2_ws/src/sensor_drivers/ws_livox/install/livox_interfaces/share/livox_interfaces/cmake/ament_cmake_export_include_directories-extras.cmake
-- Symlinking: /home/uos-robotics/ros2_ws/src/sensor_drivers/ws_livox/install/livox_interfaces/share/livox_interfaces/cmake/ament_cmake_export_libraries-extras.cmake
-- Symlinking: /home/uos-robotics/ros2_ws/src/sensor_drivers/ws_livox/install/livox_interfaces/share/livox_interfaces/cmake/ament_cmake_export_targets-extras.cmake
-- Symlinking: /home/uos-robotics/ros2_ws/src/sensor_drivers/ws_livox/install/livox_interfaces/share/livox_interfaces/cmake/rosidl_cmake_export_typesupport_targets-extras.cmake
-- Symlinking: /home/uos-robotics/ros2_ws/src/sensor_drivers/ws_livox/install/livox_interfaces/share/livox_interfaces/cmake/rosidl_cmake_export_typesupport_libraries-extras.cmake
-- Symlinking: /home/uos-robotics/ros2_ws/src/sensor_drivers/ws_livox/install/livox_interfaces/share/livox_interfaces/cmake/rosidl_cmake_aggregate_target-extras.cmake
-- Symlinking: /home/uos-robotics/ros2_ws/src/sensor_drivers/ws_livox/install/livox_interfaces/share/livox_interfaces/cmake/livox_interfacesConfig.cmake
-- Symlinking: /home/uos-robotics/ros2_ws/src/sensor_drivers/ws_livox/install/livox_interfaces/share/livox_interfaces/cmake/livox_interfacesConfig-version.cmake
-- Symlinking: /home/uos-robotics/ros2_ws/src/sensor_drivers/ws_livox/install/livox_interfaces/share/livox_interfaces/package.xml
-- Installing: /home/uos-robotics/ros2_ws/src/sensor_drivers/ws_livox/install/livox_interfaces/lib/liblivox_interfaces__rosidl_generator_c.so
-- Set non-toolchain portion of runtime path of "/home/uos-robotics/ros2_ws/src/sensor_drivers/ws_livox/install/livox_interfaces/lib/liblivox_interfaces__rosidl_generator_c.so" to ""
-- Installing: /home/uos-robotics/ros2_ws/src/sensor_drivers/ws_livox/install/livox_interfaces/lib/liblivox_interfaces__rosidl_typesupport_fastrtps_c.so
-- Set non-toolchain portion of runtime path of "/home/uos-robotics/ros2_ws/src/sensor_drivers/ws_livox/install/livox_interfaces/lib/liblivox_interfaces__rosidl_typesupport_fastrtps_c.so" to ""
-- Installing: /home/uos-robotics/ros2_ws/src/sensor_drivers/ws_livox/install/livox_interfaces/lib/liblivox_interfaces__rosidl_typesupport_fastrtps_cpp.so
-- Set non-toolchain portion of runtime path of "/home/uos-robotics/ros2_ws/src/sensor_drivers/ws_livox/install/livox_interfaces/lib/liblivox_interfaces__rosidl_typesupport_fastrtps_cpp.so" to ""
-- Installing: /home/uos-robotics/ros2_ws/src/sensor_drivers/ws_livox/install/livox_interfaces/lib/liblivox_interfaces__rosidl_typesupport_introspection_c.so
-- Set non-toolchain portion of runtime path of "/home/uos-robotics/ros2_ws/src/sensor_drivers/ws_livox/install/livox_interfaces/lib/liblivox_interfaces__rosidl_typesupport_introspection_c.so" to ""
-- Installing: /home/uos-robotics/ros2_ws/src/sensor_drivers/ws_livox/install/livox_interfaces/lib/liblivox_interfaces__rosidl_typesupport_c.so
-- Set non-toolchain portion of runtime path of "/home/uos-robotics/ros2_ws/src/sensor_drivers/ws_livox/install/livox_interfaces/lib/liblivox_interfaces__rosidl_typesupport_c.so" to ""
-- Installing: /home/uos-robotics/ros2_ws/src/sensor_drivers/ws_livox/install/livox_interfaces/lib/liblivox_interfaces__rosidl_typesupport_introspection_cpp.so
-- Set non-toolchain portion of runtime path of "/home/uos-robotics/ros2_ws/src/sensor_drivers/ws_livox/install/livox_interfaces/lib/liblivox_interfaces__rosidl_typesupport_introspection_cpp.so" to ""
-- Installing: /home/uos-robotics/ros2_ws/src/sensor_drivers/ws_livox/install/livox_interfaces/lib/liblivox_interfaces__rosidl_typesupport_cpp.so
-- Set non-toolchain portion of runtime path of "/home/uos-robotics/ros2_ws/src/sensor_drivers/ws_livox/install/livox_interfaces/lib/liblivox_interfaces__rosidl_typesupport_cpp.so" to ""
Listing '/home/uos-robotics/ros2_ws/src/sensor_drivers/ws_livox/install/livox_interfaces/lib/python3.12/site-packages/livox_interfaces'...
Compiling '/home/uos-robotics/ros2_ws/src/sensor_drivers/ws_livox/install/livox_interfaces/lib/python3.12/site-packages/livox_interfaces/__init__.py'...
Listing '/home/uos-robotics/ros2_ws/src/sensor_drivers/ws_livox/install/livox_interfaces/lib/python3.12/site-packages/livox_interfaces/msg'...
Compiling '/home/uos-robotics/ros2_ws/src/sensor_drivers/ws_livox/install/livox_interfaces/lib/python3.12/site-packages/livox_interfaces/msg/__init__.py'...
Compiling '/home/uos-robotics/ros2_ws/src/sensor_drivers/ws_livox/install/livox_interfaces/lib/python3.12/site-packages/livox_interfaces/msg/_custom_msg.py'...
Compiling '/home/uos-robotics/ros2_ws/src/sensor_drivers/ws_livox/install/livox_interfaces/lib/python3.12/site-packages/livox_interfaces/msg/_custom_point.py'...
-- Installing: /home/uos-robotics/ros2_ws/src/sensor_drivers/ws_livox/install/livox_interfaces/lib/liblivox_interfaces__rosidl_generator_py.so
-- Set non-toolchain portion of runtime path of "/home/uos-robotics/ros2_ws/src/sensor_drivers/ws_livox/install/livox_interfaces/lib/liblivox_interfaces__rosidl_generator_py.so" to ""
-- Installing: /home/uos-robotics/ros2_ws/src/sensor_drivers/ws_livox/install/livox_interfaces/share/livox_interfaces/cmake/export_livox_interfaces__rosidl_generator_cExport.cmake
-- Installing: /home/uos-robotics/ros2_ws/src/sensor_drivers/ws_livox/install/livox_interfaces/share/livox_interfaces/cmake/export_livox_interfaces__rosidl_generator_cExport-noconfig.cmake
-- Installing: /home/uos-robotics/ros2_ws/src/sensor_drivers/ws_livox/install/livox_interfaces/share/livox_interfaces/cmake/export_livox_interfaces__rosidl_typesupport_fastrtps_cExport.cmake
-- Installing: /home/uos-robotics/ros2_ws/src/sensor_drivers/ws_livox/install/livox_interfaces/share/livox_interfaces/cmake/export_livox_interfaces__rosidl_typesupport_fastrtps_cExport-noconfig.cmake
-- Installing: /home/uos-robotics/ros2_ws/src/sensor_drivers/ws_livox/install/livox_interfaces/share/livox_interfaces/cmake/export_livox_interfaces__rosidl_generator_cppExport.cmake
-- Installing: /home/uos-robotics/ros2_ws/src/sensor_drivers/ws_livox/install/livox_interfaces/share/livox_interfaces/cmake/export_livox_interfaces__rosidl_typesupport_fastrtps_cppExport.cmake
-- Installing: /home/uos-robotics/ros2_ws/src/sensor_drivers/ws_livox/install/livox_interfaces/share/livox_interfaces/cmake/export_livox_interfaces__rosidl_typesupport_fastrtps_cppExport-noconfig.cmake
-- Installing: /home/uos-robotics/ros2_ws/src/sensor_drivers/ws_livox/install/livox_interfaces/share/livox_interfaces/cmake/livox_interfaces__rosidl_typesupport_introspection_cExport.cmake
-- Installing: /home/uos-robotics/ros2_ws/src/sensor_drivers/ws_livox/install/livox_interfaces/share/livox_interfaces/cmake/livox_interfaces__rosidl_typesupport_introspection_cExport-noconfig.cmake
-- Installing: /home/uos-robotics/ros2_ws/src/sensor_drivers/ws_livox/install/livox_interfaces/share/livox_interfaces/cmake/livox_interfaces__rosidl_typesupport_cExport.cmake
-- Installing: /home/uos-robotics/ros2_ws/src/sensor_drivers/ws_livox/install/livox_interfaces/share/livox_interfaces/cmake/livox_interfaces__rosidl_typesupport_cExport-noconfig.cmake
-- Installing: /home/uos-robotics/ros2_ws/src/sensor_drivers/ws_livox/install/livox_interfaces/share/livox_interfaces/cmake/livox_interfaces__rosidl_typesupport_introspection_cppExport.cmake
-- Installing: /home/uos-robotics/ros2_ws/src/sensor_drivers/ws_livox/install/livox_interfaces/share/livox_interfaces/cmake/livox_interfaces__rosidl_typesupport_introspection_cppExport-noconfig.cmake
-- Installing: /home/uos-robotics/ros2_ws/src/sensor_drivers/ws_livox/install/livox_interfaces/share/livox_interfaces/cmake/livox_interfaces__rosidl_typesupport_cppExport.cmake
-- Installing: /home/uos-robotics/ros2_ws/src/sensor_drivers/ws_livox/install/livox_interfaces/share/livox_interfaces/cmake/livox_interfaces__rosidl_typesupport_cppExport-noconfig.cmake
-- Installing: /home/uos-robotics/ros2_ws/src/sensor_drivers/ws_livox/install/livox_interfaces/share/livox_interfaces/cmake/export_livox_interfaces__rosidl_generator_pyExport.cmake
-- Installing: /home/uos-robotics/ros2_ws/src/sensor_drivers/ws_livox/install/livox_interfaces/share/livox_interfaces/cmake/export_livox_interfaces__rosidl_generator_pyExport-noconfig.cmake
