[0.084s] DEBUG:colcon:Command line arguments: ['/usr/bin/colcon', 'build', '--symlink-install', '--packages-select', 'livox_interfaces', 'livox_sdk_vendor', 'livox_ros2_driver']
[0.084s] DEBUG:colcon:Parsed command line arguments: Namespace(log_base=None, log_level=None, verb_name='build', build_base='build', install_base='install', merge_install=False, symlink_install=True, test_result_base=None, continue_on_error=False, executor='parallel', parallel_workers=14, event_handlers=None, ignore_user_meta=False, metas=['./colcon.meta'], base_paths=['.'], packages_ignore=None, packages_ignore_regex=None, paths=None, packages_up_to=None, packages_up_to_regex=None, packages_above=None, packages_above_and_dependencies=None, packages_above_depth=None, packages_select_by_dep=None, packages_skip_by_dep=None, packages_skip_up_to=None, packages_select_build_failed=False, packages_skip_build_finished=False, packages_select_test_failures=False, packages_skip_test_passed=False, packages_select=['livox_interfaces', 'livox_sdk_vendor', 'livox_ros2_driver'], packages_skip=None, packages_select_regex=None, packages_skip_regex=None, packages_start=None, packages_end=None, allow_overriding=[], cmake_args=None, cmake_target=None, cmake_target_skip_unavailable=False, cmake_clean_cache=False, cmake_clean_first=False, cmake_force_configure=False, ament_cmake_args=None, catkin_cmake_args=None, catkin_skip_building_tests=False, mixin_files=None, mixin=None, verb_parser=<colcon_mixin.mixin.mixin_argument.MixinArgumentDecorator object at 0xffff93cfdc10>, verb_extension=<colcon_core.verb.build.BuildVerb object at 0xffff93e7a480>, main=<bound method BuildVerb.main of <colcon_core.verb.build.BuildVerb object at 0xffff93e7a480>>, mixin_verb=('build',))
[0.114s] Level 1:colcon.colcon_core.package_discovery:discover_packages(colcon_meta) check parameters
[0.114s] Level 1:colcon.colcon_core.package_discovery:discover_packages(recursive) check parameters
[0.114s] Level 1:colcon.colcon_core.package_discovery:discover_packages(ignore) check parameters
[0.114s] Level 1:colcon.colcon_core.package_discovery:discover_packages(path) check parameters
[0.114s] Level 1:colcon.colcon_core.package_discovery:discover_packages(colcon_meta) discover
[0.114s] Level 1:colcon.colcon_core.package_discovery:discover_packages(recursive) discover
[0.114s] INFO:colcon.colcon_core.package_discovery:Crawling recursively for packages in '/home/uos-robotics/ros2_ws/src/sensor_drivers/ws_livox'
[0.114s] Level 1:colcon.colcon_core.package_identification:_identify(.) by extensions ['ignore', 'ignore_ament_install']
[0.114s] Level 1:colcon.colcon_core.package_identification:_identify(.) by extension 'ignore'
[0.114s] Level 1:colcon.colcon_core.package_identification:_identify(.) by extension 'ignore_ament_install'
[0.115s] Level 1:colcon.colcon_core.package_identification:_identify(.) by extensions ['colcon_pkg']
[0.115s] Level 1:colcon.colcon_core.package_identification:_identify(.) by extension 'colcon_pkg'
[0.115s] Level 1:colcon.colcon_core.package_identification:_identify(.) by extensions ['colcon_meta']
[0.115s] Level 1:colcon.colcon_core.package_identification:_identify(.) by extension 'colcon_meta'
[0.115s] Level 1:colcon.colcon_core.package_identification:_identify(.) by extensions ['ros']
[0.115s] Level 1:colcon.colcon_core.package_identification:_identify(.) by extension 'ros'
[0.136s] Level 1:colcon.colcon_core.package_identification:_identify(.) by extensions ['cmake', 'python']
[0.136s] Level 1:colcon.colcon_core.package_identification:_identify(.) by extension 'cmake'
[0.136s] Level 1:colcon.colcon_core.package_identification:_identify(.) by extension 'python'
[0.136s] Level 1:colcon.colcon_core.package_identification:_identify(.) by extensions ['python_setup_py']
[0.136s] Level 1:colcon.colcon_core.package_identification:_identify(.) by extension 'python_setup_py'
[0.136s] Level 1:colcon.colcon_core.package_identification:_identify(build) by extensions ['ignore', 'ignore_ament_install']
[0.136s] Level 1:colcon.colcon_core.package_identification:_identify(build) by extension 'ignore'
[0.136s] Level 1:colcon.colcon_core.package_identification:_identify(build) ignored
[0.136s] Level 1:colcon.colcon_core.package_identification:_identify(install) by extensions ['ignore', 'ignore_ament_install']
[0.136s] Level 1:colcon.colcon_core.package_identification:_identify(install) by extension 'ignore'
[0.136s] Level 1:colcon.colcon_core.package_identification:_identify(install) ignored
[0.136s] Level 1:colcon.colcon_core.package_identification:_identify(log) by extensions ['ignore', 'ignore_ament_install']
[0.136s] Level 1:colcon.colcon_core.package_identification:_identify(log) by extension 'ignore'
[0.136s] Level 1:colcon.colcon_core.package_identification:_identify(log) ignored
[0.137s] Level 1:colcon.colcon_core.package_identification:_identify(src) by extensions ['ignore', 'ignore_ament_install']
[0.137s] Level 1:colcon.colcon_core.package_identification:_identify(src) by extension 'ignore'
[0.137s] Level 1:colcon.colcon_core.package_identification:_identify(src) by extension 'ignore_ament_install'
[0.137s] Level 1:colcon.colcon_core.package_identification:_identify(src) by extensions ['colcon_pkg']
[0.137s] Level 1:colcon.colcon_core.package_identification:_identify(src) by extension 'colcon_pkg'
[0.137s] Level 1:colcon.colcon_core.package_identification:_identify(src) by extensions ['colcon_meta']
[0.137s] Level 1:colcon.colcon_core.package_identification:_identify(src) by extension 'colcon_meta'
[0.137s] Level 1:colcon.colcon_core.package_identification:_identify(src) by extensions ['ros']
[0.137s] Level 1:colcon.colcon_core.package_identification:_identify(src) by extension 'ros'
[0.137s] Level 1:colcon.colcon_core.package_identification:_identify(src) by extensions ['cmake', 'python']
[0.137s] Level 1:colcon.colcon_core.package_identification:_identify(src) by extension 'cmake'
[0.137s] Level 1:colcon.colcon_core.package_identification:_identify(src) by extension 'python'
[0.137s] Level 1:colcon.colcon_core.package_identification:_identify(src) by extensions ['python_setup_py']
[0.137s] Level 1:colcon.colcon_core.package_identification:_identify(src) by extension 'python_setup_py'
[0.137s] Level 1:colcon.colcon_core.package_identification:_identify(src/livox_ros2_driver) by extensions ['ignore', 'ignore_ament_install']
[0.137s] Level 1:colcon.colcon_core.package_identification:_identify(src/livox_ros2_driver) by extension 'ignore'
[0.137s] Level 1:colcon.colcon_core.package_identification:_identify(src/livox_ros2_driver) by extension 'ignore_ament_install'
[0.137s] Level 1:colcon.colcon_core.package_identification:_identify(src/livox_ros2_driver) by extensions ['colcon_pkg']
[0.137s] Level 1:colcon.colcon_core.package_identification:_identify(src/livox_ros2_driver) by extension 'colcon_pkg'
[0.137s] Level 1:colcon.colcon_core.package_identification:_identify(src/livox_ros2_driver) by extensions ['colcon_meta']
[0.137s] Level 1:colcon.colcon_core.package_identification:_identify(src/livox_ros2_driver) by extension 'colcon_meta'
[0.137s] Level 1:colcon.colcon_core.package_identification:_identify(src/livox_ros2_driver) by extensions ['ros']
[0.137s] Level 1:colcon.colcon_core.package_identification:_identify(src/livox_ros2_driver) by extension 'ros'
[0.137s] Level 1:colcon.colcon_core.package_identification:_identify(src/livox_ros2_driver) by extensions ['cmake', 'python']
[0.137s] Level 1:colcon.colcon_core.package_identification:_identify(src/livox_ros2_driver) by extension 'cmake'
[0.137s] Level 1:colcon.colcon_core.package_identification:_identify(src/livox_ros2_driver) by extension 'python'
[0.137s] Level 1:colcon.colcon_core.package_identification:_identify(src/livox_ros2_driver) by extensions ['python_setup_py']
[0.137s] Level 1:colcon.colcon_core.package_identification:_identify(src/livox_ros2_driver) by extension 'python_setup_py'
[0.137s] Level 1:colcon.colcon_core.package_identification:_identify(src/livox_ros2_driver/livox_interfaces) by extensions ['ignore', 'ignore_ament_install']
[0.137s] Level 1:colcon.colcon_core.package_identification:_identify(src/livox_ros2_driver/livox_interfaces) by extension 'ignore'
[0.137s] Level 1:colcon.colcon_core.package_identification:_identify(src/livox_ros2_driver/livox_interfaces) by extension 'ignore_ament_install'
[0.137s] Level 1:colcon.colcon_core.package_identification:_identify(src/livox_ros2_driver/livox_interfaces) by extensions ['colcon_pkg']
[0.137s] Level 1:colcon.colcon_core.package_identification:_identify(src/livox_ros2_driver/livox_interfaces) by extension 'colcon_pkg'
[0.137s] Level 1:colcon.colcon_core.package_identification:_identify(src/livox_ros2_driver/livox_interfaces) by extensions ['colcon_meta']
[0.137s] Level 1:colcon.colcon_core.package_identification:_identify(src/livox_ros2_driver/livox_interfaces) by extension 'colcon_meta'
[0.137s] Level 1:colcon.colcon_core.package_identification:_identify(src/livox_ros2_driver/livox_interfaces) by extensions ['ros']
[0.137s] Level 1:colcon.colcon_core.package_identification:_identify(src/livox_ros2_driver/livox_interfaces) by extension 'ros'
[0.139s] DEBUG:colcon.colcon_core.package_identification:Package 'src/livox_ros2_driver/livox_interfaces' with type 'ros.ament_cmake' and name 'livox_interfaces'
[0.140s] Level 1:colcon.colcon_core.package_identification:_identify(src/livox_ros2_driver/livox_ros2_driver) by extensions ['ignore', 'ignore_ament_install']
[0.140s] Level 1:colcon.colcon_core.package_identification:_identify(src/livox_ros2_driver/livox_ros2_driver) by extension 'ignore'
[0.140s] Level 1:colcon.colcon_core.package_identification:_identify(src/livox_ros2_driver/livox_ros2_driver) by extension 'ignore_ament_install'
[0.140s] Level 1:colcon.colcon_core.package_identification:_identify(src/livox_ros2_driver/livox_ros2_driver) by extensions ['colcon_pkg']
[0.140s] Level 1:colcon.colcon_core.package_identification:_identify(src/livox_ros2_driver/livox_ros2_driver) by extension 'colcon_pkg'
[0.140s] Level 1:colcon.colcon_core.package_identification:_identify(src/livox_ros2_driver/livox_ros2_driver) by extensions ['colcon_meta']
[0.140s] Level 1:colcon.colcon_core.package_identification:_identify(src/livox_ros2_driver/livox_ros2_driver) by extension 'colcon_meta'
[0.140s] Level 1:colcon.colcon_core.package_identification:_identify(src/livox_ros2_driver/livox_ros2_driver) by extensions ['ros']
[0.140s] Level 1:colcon.colcon_core.package_identification:_identify(src/livox_ros2_driver/livox_ros2_driver) by extension 'ros'
[0.141s] DEBUG:colcon.colcon_core.package_identification:Package 'src/livox_ros2_driver/livox_ros2_driver' with type 'ros.ament_cmake' and name 'livox_ros2_driver'
[0.141s] Level 1:colcon.colcon_core.package_identification:_identify(src/livox_ros2_driver/livox_sdk_vendor) by extensions ['ignore', 'ignore_ament_install']
[0.141s] Level 1:colcon.colcon_core.package_identification:_identify(src/livox_ros2_driver/livox_sdk_vendor) by extension 'ignore'
[0.141s] Level 1:colcon.colcon_core.package_identification:_identify(src/livox_ros2_driver/livox_sdk_vendor) by extension 'ignore_ament_install'
[0.141s] Level 1:colcon.colcon_core.package_identification:_identify(src/livox_ros2_driver/livox_sdk_vendor) by extensions ['colcon_pkg']
[0.141s] Level 1:colcon.colcon_core.package_identification:_identify(src/livox_ros2_driver/livox_sdk_vendor) by extension 'colcon_pkg'
[0.141s] Level 1:colcon.colcon_core.package_identification:_identify(src/livox_ros2_driver/livox_sdk_vendor) by extensions ['colcon_meta']
[0.141s] Level 1:colcon.colcon_core.package_identification:_identify(src/livox_ros2_driver/livox_sdk_vendor) by extension 'colcon_meta'
[0.141s] Level 1:colcon.colcon_core.package_identification:_identify(src/livox_ros2_driver/livox_sdk_vendor) by extensions ['ros']
[0.141s] Level 1:colcon.colcon_core.package_identification:_identify(src/livox_ros2_driver/livox_sdk_vendor) by extension 'ros'
[0.142s] DEBUG:colcon.colcon_core.package_identification:Package 'src/livox_ros2_driver/livox_sdk_vendor' with type 'ros.ament_cmake' and name 'livox_sdk_vendor'
[0.142s] Level 1:colcon.colcon_core.package_discovery:discover_packages(recursive) using defaults
[0.142s] Level 1:colcon.colcon_core.package_discovery:discover_packages(ignore) discover
[0.142s] Level 1:colcon.colcon_core.package_discovery:discover_packages(ignore) using defaults
[0.142s] Level 1:colcon.colcon_core.package_discovery:discover_packages(path) discover
[0.142s] Level 1:colcon.colcon_core.package_discovery:discover_packages(path) using defaults
[0.156s] Level 1:colcon.colcon_core.package_discovery:discover_packages(prefix_path) check parameters
[0.156s] Level 1:colcon.colcon_core.package_discovery:discover_packages(prefix_path) discover
[0.158s] DEBUG:colcon.colcon_installed_package_information.package_discovery:Found 295 installed packages in /opt/ros/jazzy
[0.159s] Level 1:colcon.colcon_core.package_discovery:discover_packages(prefix_path) using defaults
[0.188s] Level 5:colcon.colcon_core.verb:set package 'livox_interfaces' build argument 'cmake_args' from command line to 'None'
[0.189s] Level 5:colcon.colcon_core.verb:set package 'livox_interfaces' build argument 'cmake_target' from command line to 'None'
[0.189s] Level 5:colcon.colcon_core.verb:set package 'livox_interfaces' build argument 'cmake_target_skip_unavailable' from command line to 'False'
[0.189s] Level 5:colcon.colcon_core.verb:set package 'livox_interfaces' build argument 'cmake_clean_cache' from command line to 'False'
[0.189s] Level 5:colcon.colcon_core.verb:set package 'livox_interfaces' build argument 'cmake_clean_first' from command line to 'False'
[0.189s] Level 5:colcon.colcon_core.verb:set package 'livox_interfaces' build argument 'cmake_force_configure' from command line to 'False'
[0.189s] Level 5:colcon.colcon_core.verb:set package 'livox_interfaces' build argument 'ament_cmake_args' from command line to 'None'
[0.189s] Level 5:colcon.colcon_core.verb:set package 'livox_interfaces' build argument 'catkin_cmake_args' from command line to 'None'
[0.189s] Level 5:colcon.colcon_core.verb:set package 'livox_interfaces' build argument 'catkin_skip_building_tests' from command line to 'False'
[0.189s] DEBUG:colcon.colcon_core.verb:Building package 'livox_interfaces' with the following arguments: {'ament_cmake_args': None, 'build_base': '/home/uos-robotics/ros2_ws/src/sensor_drivers/ws_livox/build/livox_interfaces', 'catkin_cmake_args': None, 'catkin_skip_building_tests': False, 'cmake_args': None, 'cmake_clean_cache': False, 'cmake_clean_first': False, 'cmake_force_configure': False, 'cmake_target': None, 'cmake_target_skip_unavailable': False, 'install_base': '/home/uos-robotics/ros2_ws/src/sensor_drivers/ws_livox/install/livox_interfaces', 'merge_install': False, 'path': '/home/uos-robotics/ros2_ws/src/sensor_drivers/ws_livox/src/livox_ros2_driver/livox_interfaces', 'symlink_install': True, 'test_result_base': None}
[0.189s] Level 5:colcon.colcon_core.verb:set package 'livox_sdk_vendor' build argument 'cmake_args' from command line to 'None'
[0.189s] Level 5:colcon.colcon_core.verb:set package 'livox_sdk_vendor' build argument 'cmake_target' from command line to 'None'
[0.189s] Level 5:colcon.colcon_core.verb:set package 'livox_sdk_vendor' build argument 'cmake_target_skip_unavailable' from command line to 'False'
[0.189s] Level 5:colcon.colcon_core.verb:set package 'livox_sdk_vendor' build argument 'cmake_clean_cache' from command line to 'False'
[0.189s] Level 5:colcon.colcon_core.verb:set package 'livox_sdk_vendor' build argument 'cmake_clean_first' from command line to 'False'
[0.189s] Level 5:colcon.colcon_core.verb:set package 'livox_sdk_vendor' build argument 'cmake_force_configure' from command line to 'False'
[0.189s] Level 5:colcon.colcon_core.verb:set package 'livox_sdk_vendor' build argument 'ament_cmake_args' from command line to 'None'
[0.189s] Level 5:colcon.colcon_core.verb:set package 'livox_sdk_vendor' build argument 'catkin_cmake_args' from command line to 'None'
[0.189s] Level 5:colcon.colcon_core.verb:set package 'livox_sdk_vendor' build argument 'catkin_skip_building_tests' from command line to 'False'
[0.189s] DEBUG:colcon.colcon_core.verb:Building package 'livox_sdk_vendor' with the following arguments: {'ament_cmake_args': None, 'build_base': '/home/uos-robotics/ros2_ws/src/sensor_drivers/ws_livox/build/livox_sdk_vendor', 'catkin_cmake_args': None, 'catkin_skip_building_tests': False, 'cmake_args': None, 'cmake_clean_cache': False, 'cmake_clean_first': False, 'cmake_force_configure': False, 'cmake_target': None, 'cmake_target_skip_unavailable': False, 'install_base': '/home/uos-robotics/ros2_ws/src/sensor_drivers/ws_livox/install/livox_sdk_vendor', 'merge_install': False, 'path': '/home/uos-robotics/ros2_ws/src/sensor_drivers/ws_livox/src/livox_ros2_driver/livox_sdk_vendor', 'symlink_install': True, 'test_result_base': None}
[0.189s] Level 5:colcon.colcon_core.verb:set package 'livox_ros2_driver' build argument 'cmake_args' from command line to 'None'
[0.189s] Level 5:colcon.colcon_core.verb:set package 'livox_ros2_driver' build argument 'cmake_target' from command line to 'None'
[0.189s] Level 5:colcon.colcon_core.verb:set package 'livox_ros2_driver' build argument 'cmake_target_skip_unavailable' from command line to 'False'
[0.189s] Level 5:colcon.colcon_core.verb:set package 'livox_ros2_driver' build argument 'cmake_clean_cache' from command line to 'False'
[0.189s] Level 5:colcon.colcon_core.verb:set package 'livox_ros2_driver' build argument 'cmake_clean_first' from command line to 'False'
[0.189s] Level 5:colcon.colcon_core.verb:set package 'livox_ros2_driver' build argument 'cmake_force_configure' from command line to 'False'
[0.189s] Level 5:colcon.colcon_core.verb:set package 'livox_ros2_driver' build argument 'ament_cmake_args' from command line to 'None'
[0.189s] Level 5:colcon.colcon_core.verb:set package 'livox_ros2_driver' build argument 'catkin_cmake_args' from command line to 'None'
[0.189s] Level 5:colcon.colcon_core.verb:set package 'livox_ros2_driver' build argument 'catkin_skip_building_tests' from command line to 'False'
[0.189s] DEBUG:colcon.colcon_core.verb:Building package 'livox_ros2_driver' with the following arguments: {'ament_cmake_args': None, 'build_base': '/home/uos-robotics/ros2_ws/src/sensor_drivers/ws_livox/build/livox_ros2_driver', 'catkin_cmake_args': None, 'catkin_skip_building_tests': False, 'cmake_args': None, 'cmake_clean_cache': False, 'cmake_clean_first': False, 'cmake_force_configure': False, 'cmake_target': None, 'cmake_target_skip_unavailable': False, 'install_base': '/home/uos-robotics/ros2_ws/src/sensor_drivers/ws_livox/install/livox_ros2_driver', 'merge_install': False, 'path': '/home/uos-robotics/ros2_ws/src/sensor_drivers/ws_livox/src/livox_ros2_driver/livox_ros2_driver', 'symlink_install': True, 'test_result_base': None}
[0.189s] INFO:colcon.colcon_core.executor:Executing jobs using 'parallel' executor
[0.191s] DEBUG:colcon.colcon_parallel_executor.executor.parallel:run_until_complete
[0.191s] INFO:colcon.colcon_ros.task.ament_cmake.build:Building ROS package in '/home/uos-robotics/ros2_ws/src/sensor_drivers/ws_livox/src/livox_ros2_driver/livox_interfaces' with build type 'ament_cmake'
[0.191s] INFO:colcon.colcon_cmake.task.cmake.build:Building CMake package in '/home/uos-robotics/ros2_ws/src/sensor_drivers/ws_livox/src/livox_ros2_driver/livox_interfaces'
[0.194s] INFO:colcon.colcon_core.plugin_system:Skipping extension 'colcon_core.shell.bat': Not used on non-Windows systems
[0.194s] INFO:colcon.colcon_core.shell:Skip shell extension 'powershell' for command environment: Not usable outside of PowerShell
[0.194s] DEBUG:colcon.colcon_core.shell:Skip shell extension 'dsv' for command environment
[0.197s] INFO:colcon.colcon_ros.task.ament_cmake.build:Building ROS package in '/home/uos-robotics/ros2_ws/src/sensor_drivers/ws_livox/src/livox_ros2_driver/livox_sdk_vendor' with build type 'ament_cmake'
[0.197s] INFO:colcon.colcon_cmake.task.cmake.build:Building CMake package in '/home/uos-robotics/ros2_ws/src/sensor_drivers/ws_livox/src/livox_ros2_driver/livox_sdk_vendor'
[0.198s] INFO:colcon.colcon_core.shell:Skip shell extension 'powershell' for command environment: Not usable outside of PowerShell
[0.198s] DEBUG:colcon.colcon_core.shell:Skip shell extension 'dsv' for command environment
[0.206s] DEBUG:colcon.colcon_core.event_handler.log_command:Invoking command in '/home/uos-robotics/ros2_ws/src/sensor_drivers/ws_livox/build/livox_interfaces': CMAKE_PREFIX_PATH=${CMAKE_PREFIX_PATH}:/opt/ros/jazzy DEBUGINFOD_URLS=https://debuginfod.ubuntu.com /usr/bin/cmake --build /home/uos-robotics/ros2_ws/src/sensor_drivers/ws_livox/build/livox_interfaces -- -j14 -l14
[0.208s] DEBUG:colcon.colcon_core.event_handler.log_command:Invoking command in '/home/uos-robotics/ros2_ws/src/sensor_drivers/ws_livox/build/livox_sdk_vendor': CMAKE_PREFIX_PATH=${CMAKE_PREFIX_PATH}:/opt/ros/jazzy DEBUGINFOD_URLS=https://debuginfod.ubuntu.com /usr/bin/cmake --build /home/uos-robotics/ros2_ws/src/sensor_drivers/ws_livox/build/livox_sdk_vendor -- -j14 -l14
[2.964s] DEBUG:colcon.colcon_core.event_handler.log_command:Invoked command in '/home/uos-robotics/ros2_ws/src/sensor_drivers/ws_livox/build/livox_interfaces' returned '0': CMAKE_PREFIX_PATH=${CMAKE_PREFIX_PATH}:/opt/ros/jazzy DEBUGINFOD_URLS=https://debuginfod.ubuntu.com /usr/bin/cmake --build /home/uos-robotics/ros2_ws/src/sensor_drivers/ws_livox/build/livox_interfaces -- -j14 -l14
[2.985s] DEBUG:colcon.colcon_core.event_handler.log_command:Invoking command in '/home/uos-robotics/ros2_ws/src/sensor_drivers/ws_livox/build/livox_interfaces': CMAKE_PREFIX_PATH=${CMAKE_PREFIX_PATH}:/opt/ros/jazzy DEBUGINFOD_URLS=https://debuginfod.ubuntu.com /usr/bin/cmake --install /home/uos-robotics/ros2_ws/src/sensor_drivers/ws_livox/build/livox_interfaces
[4.352s] Level 1:colcon.colcon_core.environment:create_environment_scripts_only(livox_interfaces)
[4.354s] Level 1:colcon.colcon_core.environment:checking '/home/uos-robotics/ros2_ws/src/sensor_drivers/ws_livox/install/livox_interfaces' for CMake module files
[4.355s] Level 1:colcon.colcon_core.environment:checking '/home/uos-robotics/ros2_ws/src/sensor_drivers/ws_livox/install/livox_interfaces' for CMake config files
[4.356s] Level 1:colcon.colcon_core.shell:create_environment_hook('livox_interfaces', 'cmake_prefix_path')
[4.356s] INFO:colcon.colcon_core.shell:Creating environment hook '/home/uos-robotics/ros2_ws/src/sensor_drivers/ws_livox/install/livox_interfaces/share/livox_interfaces/hook/cmake_prefix_path.ps1'
[4.357s] INFO:colcon.colcon_core.shell:Creating environment descriptor '/home/uos-robotics/ros2_ws/src/sensor_drivers/ws_livox/install/livox_interfaces/share/livox_interfaces/hook/cmake_prefix_path.dsv'
[4.357s] DEBUG:colcon.colcon_core.event_handler.log_command:Invoked command in '/home/uos-robotics/ros2_ws/src/sensor_drivers/ws_livox/build/livox_interfaces' returned '0': CMAKE_PREFIX_PATH=${CMAKE_PREFIX_PATH}:/opt/ros/jazzy DEBUGINFOD_URLS=https://debuginfod.ubuntu.com /usr/bin/cmake --install /home/uos-robotics/ros2_ws/src/sensor_drivers/ws_livox/build/livox_interfaces
[4.358s] INFO:colcon.colcon_core.shell:Creating environment hook '/home/uos-robotics/ros2_ws/src/sensor_drivers/ws_livox/install/livox_interfaces/share/livox_interfaces/hook/cmake_prefix_path.sh'
[4.359s] Level 1:colcon.colcon_core.environment:checking '/home/uos-robotics/ros2_ws/src/sensor_drivers/ws_livox/install/livox_interfaces/lib'
[4.360s] Level 1:colcon.colcon_core.shell:create_environment_hook('livox_interfaces', 'ld_library_path_lib')
[4.360s] INFO:colcon.colcon_core.shell:Creating environment hook '/home/uos-robotics/ros2_ws/src/sensor_drivers/ws_livox/install/livox_interfaces/share/livox_interfaces/hook/ld_library_path_lib.ps1'
[4.361s] INFO:colcon.colcon_core.shell:Creating environment descriptor '/home/uos-robotics/ros2_ws/src/sensor_drivers/ws_livox/install/livox_interfaces/share/livox_interfaces/hook/ld_library_path_lib.dsv'
[4.361s] INFO:colcon.colcon_core.shell:Creating environment hook '/home/uos-robotics/ros2_ws/src/sensor_drivers/ws_livox/install/livox_interfaces/share/livox_interfaces/hook/ld_library_path_lib.sh'
[4.362s] Level 1:colcon.colcon_core.environment:checking '/home/uos-robotics/ros2_ws/src/sensor_drivers/ws_livox/install/livox_interfaces/bin'
[4.362s] Level 1:colcon.colcon_core.environment:checking '/home/uos-robotics/ros2_ws/src/sensor_drivers/ws_livox/install/livox_interfaces/lib/pkgconfig/livox_interfaces.pc'
[4.363s] Level 1:colcon.colcon_core.environment:checking '/home/uos-robotics/ros2_ws/src/sensor_drivers/ws_livox/install/livox_interfaces/lib/python3.12/site-packages'
[4.363s] Level 1:colcon.colcon_core.shell:create_environment_hook('livox_interfaces', 'pythonpath')
[4.363s] INFO:colcon.colcon_core.shell:Creating environment hook '/home/uos-robotics/ros2_ws/src/sensor_drivers/ws_livox/install/livox_interfaces/share/livox_interfaces/hook/pythonpath.ps1'
[4.364s] INFO:colcon.colcon_core.shell:Creating environment descriptor '/home/uos-robotics/ros2_ws/src/sensor_drivers/ws_livox/install/livox_interfaces/share/livox_interfaces/hook/pythonpath.dsv'
[4.366s] INFO:colcon.colcon_core.shell:Creating environment hook '/home/uos-robotics/ros2_ws/src/sensor_drivers/ws_livox/install/livox_interfaces/share/livox_interfaces/hook/pythonpath.sh'
[4.366s] Level 1:colcon.colcon_core.environment:checking '/home/uos-robotics/ros2_ws/src/sensor_drivers/ws_livox/install/livox_interfaces/bin'
[4.367s] INFO:colcon.colcon_core.shell:Creating package script '/home/uos-robotics/ros2_ws/src/sensor_drivers/ws_livox/install/livox_interfaces/share/livox_interfaces/package.ps1'
[4.368s] INFO:colcon.colcon_core.shell:Creating package descriptor '/home/uos-robotics/ros2_ws/src/sensor_drivers/ws_livox/install/livox_interfaces/share/livox_interfaces/package.dsv'
[4.368s] INFO:colcon.colcon_core.shell:Creating package script '/home/uos-robotics/ros2_ws/src/sensor_drivers/ws_livox/install/livox_interfaces/share/livox_interfaces/package.sh'
[4.369s] INFO:colcon.colcon_core.shell:Creating package script '/home/uos-robotics/ros2_ws/src/sensor_drivers/ws_livox/install/livox_interfaces/share/livox_interfaces/package.bash'
[4.369s] INFO:colcon.colcon_core.shell:Creating package script '/home/uos-robotics/ros2_ws/src/sensor_drivers/ws_livox/install/livox_interfaces/share/livox_interfaces/package.zsh'
[4.370s] Level 1:colcon.colcon_core.environment:create_file_with_runtime_dependencies(/home/uos-robotics/ros2_ws/src/sensor_drivers/ws_livox/install/livox_interfaces/share/colcon-core/packages/livox_interfaces)
[4.371s] Level 1:colcon.colcon_core.environment:create_environment_scripts_only(livox_interfaces)
[4.371s] Level 1:colcon.colcon_core.environment:checking '/home/uos-robotics/ros2_ws/src/sensor_drivers/ws_livox/install/livox_interfaces' for CMake module files
[4.371s] Level 1:colcon.colcon_core.environment:checking '/home/uos-robotics/ros2_ws/src/sensor_drivers/ws_livox/install/livox_interfaces' for CMake config files
[4.372s] Level 1:colcon.colcon_core.shell:create_environment_hook('livox_interfaces', 'cmake_prefix_path')
[4.372s] INFO:colcon.colcon_core.shell:Creating environment hook '/home/uos-robotics/ros2_ws/src/sensor_drivers/ws_livox/install/livox_interfaces/share/livox_interfaces/hook/cmake_prefix_path.ps1'
[4.373s] INFO:colcon.colcon_core.shell:Creating environment descriptor '/home/uos-robotics/ros2_ws/src/sensor_drivers/ws_livox/install/livox_interfaces/share/livox_interfaces/hook/cmake_prefix_path.dsv'
[4.373s] INFO:colcon.colcon_core.shell:Creating environment hook '/home/uos-robotics/ros2_ws/src/sensor_drivers/ws_livox/install/livox_interfaces/share/livox_interfaces/hook/cmake_prefix_path.sh'
[4.374s] Level 1:colcon.colcon_core.environment:checking '/home/uos-robotics/ros2_ws/src/sensor_drivers/ws_livox/install/livox_interfaces/lib'
[4.374s] Level 1:colcon.colcon_core.shell:create_environment_hook('livox_interfaces', 'ld_library_path_lib')
[4.374s] INFO:colcon.colcon_core.shell:Creating environment hook '/home/uos-robotics/ros2_ws/src/sensor_drivers/ws_livox/install/livox_interfaces/share/livox_interfaces/hook/ld_library_path_lib.ps1'
[4.374s] INFO:colcon.colcon_core.shell:Creating environment descriptor '/home/uos-robotics/ros2_ws/src/sensor_drivers/ws_livox/install/livox_interfaces/share/livox_interfaces/hook/ld_library_path_lib.dsv'
[4.375s] INFO:colcon.colcon_core.shell:Creating environment hook '/home/uos-robotics/ros2_ws/src/sensor_drivers/ws_livox/install/livox_interfaces/share/livox_interfaces/hook/ld_library_path_lib.sh'
[4.377s] Level 1:colcon.colcon_core.environment:checking '/home/uos-robotics/ros2_ws/src/sensor_drivers/ws_livox/install/livox_interfaces/bin'
[4.377s] Level 1:colcon.colcon_core.environment:checking '/home/uos-robotics/ros2_ws/src/sensor_drivers/ws_livox/install/livox_interfaces/lib/pkgconfig/livox_interfaces.pc'
[4.377s] Level 1:colcon.colcon_core.environment:checking '/home/uos-robotics/ros2_ws/src/sensor_drivers/ws_livox/install/livox_interfaces/lib/python3.12/site-packages'
[4.377s] Level 1:colcon.colcon_core.shell:create_environment_hook('livox_interfaces', 'pythonpath')
[4.378s] INFO:colcon.colcon_core.shell:Creating environment hook '/home/uos-robotics/ros2_ws/src/sensor_drivers/ws_livox/install/livox_interfaces/share/livox_interfaces/hook/pythonpath.ps1'
[4.378s] INFO:colcon.colcon_core.shell:Creating environment descriptor '/home/uos-robotics/ros2_ws/src/sensor_drivers/ws_livox/install/livox_interfaces/share/livox_interfaces/hook/pythonpath.dsv'
[4.381s] INFO:colcon.colcon_core.shell:Creating environment hook '/home/uos-robotics/ros2_ws/src/sensor_drivers/ws_livox/install/livox_interfaces/share/livox_interfaces/hook/pythonpath.sh'
[4.384s] Level 1:colcon.colcon_core.environment:checking '/home/uos-robotics/ros2_ws/src/sensor_drivers/ws_livox/install/livox_interfaces/bin'
[4.384s] INFO:colcon.colcon_core.shell:Creating package script '/home/uos-robotics/ros2_ws/src/sensor_drivers/ws_livox/install/livox_interfaces/share/livox_interfaces/package.ps1'
[4.385s] INFO:colcon.colcon_core.shell:Creating package descriptor '/home/uos-robotics/ros2_ws/src/sensor_drivers/ws_livox/install/livox_interfaces/share/livox_interfaces/package.dsv'
[4.385s] INFO:colcon.colcon_core.shell:Creating package script '/home/uos-robotics/ros2_ws/src/sensor_drivers/ws_livox/install/livox_interfaces/share/livox_interfaces/package.sh'
[4.385s] INFO:colcon.colcon_core.shell:Creating package script '/home/uos-robotics/ros2_ws/src/sensor_drivers/ws_livox/install/livox_interfaces/share/livox_interfaces/package.bash'
[4.386s] INFO:colcon.colcon_core.shell:Creating package script '/home/uos-robotics/ros2_ws/src/sensor_drivers/ws_livox/install/livox_interfaces/share/livox_interfaces/package.zsh'
[4.386s] Level 1:colcon.colcon_core.environment:create_file_with_runtime_dependencies(/home/uos-robotics/ros2_ws/src/sensor_drivers/ws_livox/install/livox_interfaces/share/colcon-core/packages/livox_interfaces)
[7.152s] DEBUG:colcon.colcon_core.event_handler.log_command:Invoked command in '/home/uos-robotics/ros2_ws/src/sensor_drivers/ws_livox/build/livox_sdk_vendor' returned '0': CMAKE_PREFIX_PATH=${CMAKE_PREFIX_PATH}:/opt/ros/jazzy DEBUGINFOD_URLS=https://debuginfod.ubuntu.com /usr/bin/cmake --build /home/uos-robotics/ros2_ws/src/sensor_drivers/ws_livox/build/livox_sdk_vendor -- -j14 -l14
[7.153s] DEBUG:colcon.colcon_core.event_handler.log_command:Invoking command in '/home/uos-robotics/ros2_ws/src/sensor_drivers/ws_livox/build/livox_sdk_vendor': CMAKE_PREFIX_PATH=${CMAKE_PREFIX_PATH}:/opt/ros/jazzy DEBUGINFOD_URLS=https://debuginfod.ubuntu.com /usr/bin/cmake --install /home/uos-robotics/ros2_ws/src/sensor_drivers/ws_livox/build/livox_sdk_vendor
[7.388s] Level 1:colcon.colcon_core.environment:create_environment_scripts_only(livox_sdk_vendor)
[7.388s] Level 1:colcon.colcon_core.environment:checking '/home/uos-robotics/ros2_ws/src/sensor_drivers/ws_livox/install/livox_sdk_vendor' for CMake module files
[7.390s] DEBUG:colcon.colcon_core.event_handler.log_command:Invoked command in '/home/uos-robotics/ros2_ws/src/sensor_drivers/ws_livox/build/livox_sdk_vendor' returned '0': CMAKE_PREFIX_PATH=${CMAKE_PREFIX_PATH}:/opt/ros/jazzy DEBUGINFOD_URLS=https://debuginfod.ubuntu.com /usr/bin/cmake --install /home/uos-robotics/ros2_ws/src/sensor_drivers/ws_livox/build/livox_sdk_vendor
[7.390s] Level 1:colcon.colcon_core.environment:checking '/home/uos-robotics/ros2_ws/src/sensor_drivers/ws_livox/install/livox_sdk_vendor' for CMake config files
[7.391s] Level 1:colcon.colcon_core.shell:create_environment_hook('livox_sdk_vendor', 'cmake_prefix_path')
[7.391s] INFO:colcon.colcon_core.shell:Creating environment hook '/home/uos-robotics/ros2_ws/src/sensor_drivers/ws_livox/install/livox_sdk_vendor/share/livox_sdk_vendor/hook/cmake_prefix_path.ps1'
[7.392s] INFO:colcon.colcon_core.shell:Creating environment descriptor '/home/uos-robotics/ros2_ws/src/sensor_drivers/ws_livox/install/livox_sdk_vendor/share/livox_sdk_vendor/hook/cmake_prefix_path.dsv'
[7.393s] INFO:colcon.colcon_core.shell:Creating environment hook '/home/uos-robotics/ros2_ws/src/sensor_drivers/ws_livox/install/livox_sdk_vendor/share/livox_sdk_vendor/hook/cmake_prefix_path.sh'
[7.394s] Level 1:colcon.colcon_core.environment:checking '/home/uos-robotics/ros2_ws/src/sensor_drivers/ws_livox/install/livox_sdk_vendor/lib'
[7.394s] Level 1:colcon.colcon_core.environment:checking '/home/uos-robotics/ros2_ws/src/sensor_drivers/ws_livox/install/livox_sdk_vendor/bin'
[7.394s] Level 1:colcon.colcon_core.environment:checking '/home/uos-robotics/ros2_ws/src/sensor_drivers/ws_livox/install/livox_sdk_vendor/lib/pkgconfig/livox_sdk_vendor.pc'
[7.394s] Level 1:colcon.colcon_core.environment:checking '/home/uos-robotics/ros2_ws/src/sensor_drivers/ws_livox/install/livox_sdk_vendor/lib/python3.12/site-packages'
[7.395s] Level 1:colcon.colcon_core.environment:checking '/home/uos-robotics/ros2_ws/src/sensor_drivers/ws_livox/install/livox_sdk_vendor/bin'
[7.395s] INFO:colcon.colcon_core.shell:Creating package script '/home/uos-robotics/ros2_ws/src/sensor_drivers/ws_livox/install/livox_sdk_vendor/share/livox_sdk_vendor/package.ps1'
[7.396s] INFO:colcon.colcon_core.shell:Creating package descriptor '/home/uos-robotics/ros2_ws/src/sensor_drivers/ws_livox/install/livox_sdk_vendor/share/livox_sdk_vendor/package.dsv'
[7.397s] INFO:colcon.colcon_core.shell:Creating package script '/home/uos-robotics/ros2_ws/src/sensor_drivers/ws_livox/install/livox_sdk_vendor/share/livox_sdk_vendor/package.sh'
[7.397s] INFO:colcon.colcon_core.shell:Creating package script '/home/uos-robotics/ros2_ws/src/sensor_drivers/ws_livox/install/livox_sdk_vendor/share/livox_sdk_vendor/package.bash'
[7.398s] INFO:colcon.colcon_core.shell:Creating package script '/home/uos-robotics/ros2_ws/src/sensor_drivers/ws_livox/install/livox_sdk_vendor/share/livox_sdk_vendor/package.zsh'
[7.398s] Level 1:colcon.colcon_core.environment:create_file_with_runtime_dependencies(/home/uos-robotics/ros2_ws/src/sensor_drivers/ws_livox/install/livox_sdk_vendor/share/colcon-core/packages/livox_sdk_vendor)
[7.399s] Level 1:colcon.colcon_core.environment:create_environment_scripts_only(livox_sdk_vendor)
[7.399s] Level 1:colcon.colcon_core.environment:checking '/home/uos-robotics/ros2_ws/src/sensor_drivers/ws_livox/install/livox_sdk_vendor' for CMake module files
[7.400s] Level 1:colcon.colcon_core.environment:checking '/home/uos-robotics/ros2_ws/src/sensor_drivers/ws_livox/install/livox_sdk_vendor' for CMake config files
[7.400s] Level 1:colcon.colcon_core.shell:create_environment_hook('livox_sdk_vendor', 'cmake_prefix_path')
[7.400s] INFO:colcon.colcon_core.shell:Creating environment hook '/home/uos-robotics/ros2_ws/src/sensor_drivers/ws_livox/install/livox_sdk_vendor/share/livox_sdk_vendor/hook/cmake_prefix_path.ps1'
[7.401s] INFO:colcon.colcon_core.shell:Creating environment descriptor '/home/uos-robotics/ros2_ws/src/sensor_drivers/ws_livox/install/livox_sdk_vendor/share/livox_sdk_vendor/hook/cmake_prefix_path.dsv'
[7.401s] INFO:colcon.colcon_core.shell:Creating environment hook '/home/uos-robotics/ros2_ws/src/sensor_drivers/ws_livox/install/livox_sdk_vendor/share/livox_sdk_vendor/hook/cmake_prefix_path.sh'
[7.402s] Level 1:colcon.colcon_core.environment:checking '/home/uos-robotics/ros2_ws/src/sensor_drivers/ws_livox/install/livox_sdk_vendor/lib'
[7.402s] Level 1:colcon.colcon_core.environment:checking '/home/uos-robotics/ros2_ws/src/sensor_drivers/ws_livox/install/livox_sdk_vendor/bin'
[7.402s] Level 1:colcon.colcon_core.environment:checking '/home/uos-robotics/ros2_ws/src/sensor_drivers/ws_livox/install/livox_sdk_vendor/lib/pkgconfig/livox_sdk_vendor.pc'
[7.403s] Level 1:colcon.colcon_core.environment:checking '/home/uos-robotics/ros2_ws/src/sensor_drivers/ws_livox/install/livox_sdk_vendor/lib/python3.12/site-packages'
[7.403s] Level 1:colcon.colcon_core.environment:checking '/home/uos-robotics/ros2_ws/src/sensor_drivers/ws_livox/install/livox_sdk_vendor/bin'
[7.404s] INFO:colcon.colcon_core.shell:Creating package script '/home/uos-robotics/ros2_ws/src/sensor_drivers/ws_livox/install/livox_sdk_vendor/share/livox_sdk_vendor/package.ps1'
[7.405s] INFO:colcon.colcon_core.shell:Creating package descriptor '/home/uos-robotics/ros2_ws/src/sensor_drivers/ws_livox/install/livox_sdk_vendor/share/livox_sdk_vendor/package.dsv'
[7.405s] INFO:colcon.colcon_core.shell:Creating package script '/home/uos-robotics/ros2_ws/src/sensor_drivers/ws_livox/install/livox_sdk_vendor/share/livox_sdk_vendor/package.sh'
[7.406s] INFO:colcon.colcon_core.shell:Creating package script '/home/uos-robotics/ros2_ws/src/sensor_drivers/ws_livox/install/livox_sdk_vendor/share/livox_sdk_vendor/package.bash'
[7.406s] INFO:colcon.colcon_core.shell:Creating package script '/home/uos-robotics/ros2_ws/src/sensor_drivers/ws_livox/install/livox_sdk_vendor/share/livox_sdk_vendor/package.zsh'
[7.407s] Level 1:colcon.colcon_core.environment:create_file_with_runtime_dependencies(/home/uos-robotics/ros2_ws/src/sensor_drivers/ws_livox/install/livox_sdk_vendor/share/colcon-core/packages/livox_sdk_vendor)
[7.407s] INFO:colcon.colcon_ros.task.ament_cmake.build:Building ROS package in '/home/uos-robotics/ros2_ws/src/sensor_drivers/ws_livox/src/livox_ros2_driver/livox_ros2_driver' with build type 'ament_cmake'
[7.407s] INFO:colcon.colcon_cmake.task.cmake.build:Building CMake package in '/home/uos-robotics/ros2_ws/src/sensor_drivers/ws_livox/src/livox_ros2_driver/livox_ros2_driver'
[7.408s] INFO:colcon.colcon_core.shell:Skip shell extension 'powershell' for command environment: Not usable outside of PowerShell
[7.408s] DEBUG:colcon.colcon_core.shell:Skip shell extension 'dsv' for command environment
[7.425s] DEBUG:colcon.colcon_core.event_handler.log_command:Invoking command in '/home/uos-robotics/ros2_ws/src/sensor_drivers/ws_livox/build/livox_ros2_driver': AMENT_PREFIX_PATH=/home/uos-robotics/ros2_ws/src/sensor_drivers/ws_livox/install/livox_sdk_vendor:/home/uos-robotics/ros2_ws/src/sensor_drivers/ws_livox/install/livox_interfaces:${AMENT_PREFIX_PATH} CMAKE_PREFIX_PATH=/home/uos-robotics/ros2_ws/src/sensor_drivers/ws_livox/install/livox_sdk_vendor:/home/uos-robotics/ros2_ws/src/sensor_drivers/ws_livox/install/livox_interfaces:/opt/ros/jazzy/opt/gz_math_vendor:/opt/ros/jazzy/opt/gz_utils_vendor:/opt/ros/jazzy/opt/gz_cmake_vendor:/opt/ros/jazzy DEBUGINFOD_URLS=https://debuginfod.ubuntu.com LD_LIBRARY_PATH=/home/uos-robotics/ros2_ws/src/sensor_drivers/ws_livox/install/livox_interfaces/lib:/opt/ros/jazzy/opt/rviz_ogre_vendor/lib:/opt/ros/jazzy/lib/aarch64-linux-gnu:/opt/ros/jazzy/opt/gz_math_vendor/lib:/opt/ros/jazzy/opt/gz_utils_vendor/lib:/opt/ros/jazzy/opt/gz_cmake_vendor/lib:/opt/ros/jazzy/lib:/usr/local/cuda-13.0/lib64 PYTHONPATH=/home/uos-robotics/ros2_ws/src/sensor_drivers/ws_livox/install/livox_interfaces/lib/python3.12/site-packages:${PYTHONPATH} /usr/bin/cmake /home/uos-robotics/ros2_ws/src/sensor_drivers/ws_livox/src/livox_ros2_driver/livox_ros2_driver -DAMENT_CMAKE_SYMLINK_INSTALL=1 -DCMAKE_INSTALL_PREFIX=/home/uos-robotics/ros2_ws/src/sensor_drivers/ws_livox/install/livox_ros2_driver
[13.205s] DEBUG:colcon.colcon_core.event_handler.log_command:Invoked command in '/home/uos-robotics/ros2_ws/src/sensor_drivers/ws_livox/build/livox_ros2_driver' returned '0': AMENT_PREFIX_PATH=/home/uos-robotics/ros2_ws/src/sensor_drivers/ws_livox/install/livox_sdk_vendor:/home/uos-robotics/ros2_ws/src/sensor_drivers/ws_livox/install/livox_interfaces:${AMENT_PREFIX_PATH} CMAKE_PREFIX_PATH=/home/uos-robotics/ros2_ws/src/sensor_drivers/ws_livox/install/livox_sdk_vendor:/home/uos-robotics/ros2_ws/src/sensor_drivers/ws_livox/install/livox_interfaces:/opt/ros/jazzy/opt/gz_math_vendor:/opt/ros/jazzy/opt/gz_utils_vendor:/opt/ros/jazzy/opt/gz_cmake_vendor:/opt/ros/jazzy DEBUGINFOD_URLS=https://debuginfod.ubuntu.com LD_LIBRARY_PATH=/home/uos-robotics/ros2_ws/src/sensor_drivers/ws_livox/install/livox_interfaces/lib:/opt/ros/jazzy/opt/rviz_ogre_vendor/lib:/opt/ros/jazzy/lib/aarch64-linux-gnu:/opt/ros/jazzy/opt/gz_math_vendor/lib:/opt/ros/jazzy/opt/gz_utils_vendor/lib:/opt/ros/jazzy/opt/gz_cmake_vendor/lib:/opt/ros/jazzy/lib:/usr/local/cuda-13.0/lib64 PYTHONPATH=/home/uos-robotics/ros2_ws/src/sensor_drivers/ws_livox/install/livox_interfaces/lib/python3.12/site-packages:${PYTHONPATH} /usr/bin/cmake /home/uos-robotics/ros2_ws/src/sensor_drivers/ws_livox/src/livox_ros2_driver/livox_ros2_driver -DAMENT_CMAKE_SYMLINK_INSTALL=1 -DCMAKE_INSTALL_PREFIX=/home/uos-robotics/ros2_ws/src/sensor_drivers/ws_livox/install/livox_ros2_driver
[13.208s] DEBUG:colcon.colcon_core.event_handler.log_command:Invoking command in '/home/uos-robotics/ros2_ws/src/sensor_drivers/ws_livox/build/livox_ros2_driver': AMENT_PREFIX_PATH=/home/uos-robotics/ros2_ws/src/sensor_drivers/ws_livox/install/livox_sdk_vendor:/home/uos-robotics/ros2_ws/src/sensor_drivers/ws_livox/install/livox_interfaces:${AMENT_PREFIX_PATH} CMAKE_PREFIX_PATH=/home/uos-robotics/ros2_ws/src/sensor_drivers/ws_livox/install/livox_sdk_vendor:/home/uos-robotics/ros2_ws/src/sensor_drivers/ws_livox/install/livox_interfaces:/opt/ros/jazzy/opt/gz_math_vendor:/opt/ros/jazzy/opt/gz_utils_vendor:/opt/ros/jazzy/opt/gz_cmake_vendor:/opt/ros/jazzy DEBUGINFOD_URLS=https://debuginfod.ubuntu.com LD_LIBRARY_PATH=/home/uos-robotics/ros2_ws/src/sensor_drivers/ws_livox/install/livox_interfaces/lib:/opt/ros/jazzy/opt/rviz_ogre_vendor/lib:/opt/ros/jazzy/lib/aarch64-linux-gnu:/opt/ros/jazzy/opt/gz_math_vendor/lib:/opt/ros/jazzy/opt/gz_utils_vendor/lib:/opt/ros/jazzy/opt/gz_cmake_vendor/lib:/opt/ros/jazzy/lib:/usr/local/cuda-13.0/lib64 PYTHONPATH=/home/uos-robotics/ros2_ws/src/sensor_drivers/ws_livox/install/livox_interfaces/lib/python3.12/site-packages:${PYTHONPATH} /usr/bin/cmake --build /home/uos-robotics/ros2_ws/src/sensor_drivers/ws_livox/build/livox_ros2_driver -- -j14 -l14
[16.136s] DEBUG:colcon.colcon_core.event_handler.log_command:Invoked command in '/home/uos-robotics/ros2_ws/src/sensor_drivers/ws_livox/build/livox_ros2_driver' returned '2': AMENT_PREFIX_PATH=/home/uos-robotics/ros2_ws/src/sensor_drivers/ws_livox/install/livox_sdk_vendor:/home/uos-robotics/ros2_ws/src/sensor_drivers/ws_livox/install/livox_interfaces:${AMENT_PREFIX_PATH} CMAKE_PREFIX_PATH=/home/uos-robotics/ros2_ws/src/sensor_drivers/ws_livox/install/livox_sdk_vendor:/home/uos-robotics/ros2_ws/src/sensor_drivers/ws_livox/install/livox_interfaces:/opt/ros/jazzy/opt/gz_math_vendor:/opt/ros/jazzy/opt/gz_utils_vendor:/opt/ros/jazzy/opt/gz_cmake_vendor:/opt/ros/jazzy DEBUGINFOD_URLS=https://debuginfod.ubuntu.com LD_LIBRARY_PATH=/home/uos-robotics/ros2_ws/src/sensor_drivers/ws_livox/install/livox_interfaces/lib:/opt/ros/jazzy/opt/rviz_ogre_vendor/lib:/opt/ros/jazzy/lib/aarch64-linux-gnu:/opt/ros/jazzy/opt/gz_math_vendor/lib:/opt/ros/jazzy/opt/gz_utils_vendor/lib:/opt/ros/jazzy/opt/gz_cmake_vendor/lib:/opt/ros/jazzy/lib:/usr/local/cuda-13.0/lib64 PYTHONPATH=/home/uos-robotics/ros2_ws/src/sensor_drivers/ws_livox/install/livox_interfaces/lib/python3.12/site-packages:${PYTHONPATH} /usr/bin/cmake --build /home/uos-robotics/ros2_ws/src/sensor_drivers/ws_livox/build/livox_ros2_driver -- -j14 -l14
[16.137s] Level 1:colcon.colcon_core.environment:create_environment_scripts_only(livox_ros2_driver)
[16.137s] Level 1:colcon.colcon_core.environment:checking '/home/uos-robotics/ros2_ws/src/sensor_drivers/ws_livox/install/livox_ros2_driver' for CMake module files
[16.138s] Level 1:colcon.colcon_core.environment:checking '/home/uos-robotics/ros2_ws/src/sensor_drivers/ws_livox/install/livox_ros2_driver' for CMake config files
[16.138s] Level 1:colcon.colcon_core.environment:checking '/home/uos-robotics/ros2_ws/src/sensor_drivers/ws_livox/install/livox_ros2_driver/bin'
[16.138s] Level 1:colcon.colcon_core.environment:checking '/home/uos-robotics/ros2_ws/src/sensor_drivers/ws_livox/install/livox_ros2_driver/lib/pkgconfig/livox_ros2_driver.pc'
[16.139s] Level 1:colcon.colcon_core.environment:checking '/home/uos-robotics/ros2_ws/src/sensor_drivers/ws_livox/install/livox_ros2_driver/lib/python3.12/site-packages'
[16.139s] Level 1:colcon.colcon_core.environment:checking '/home/uos-robotics/ros2_ws/src/sensor_drivers/ws_livox/install/livox_ros2_driver/bin'
[16.140s] INFO:colcon.colcon_core.shell:Creating package script '/home/uos-robotics/ros2_ws/src/sensor_drivers/ws_livox/install/livox_ros2_driver/share/livox_ros2_driver/package.ps1'
[16.141s] INFO:colcon.colcon_core.shell:Creating package descriptor '/home/uos-robotics/ros2_ws/src/sensor_drivers/ws_livox/install/livox_ros2_driver/share/livox_ros2_driver/package.dsv'
[16.142s] INFO:colcon.colcon_core.shell:Creating package script '/home/uos-robotics/ros2_ws/src/sensor_drivers/ws_livox/install/livox_ros2_driver/share/livox_ros2_driver/package.sh'
[16.143s] INFO:colcon.colcon_core.shell:Creating package script '/home/uos-robotics/ros2_ws/src/sensor_drivers/ws_livox/install/livox_ros2_driver/share/livox_ros2_driver/package.bash'
[16.143s] INFO:colcon.colcon_core.shell:Creating package script '/home/uos-robotics/ros2_ws/src/sensor_drivers/ws_livox/install/livox_ros2_driver/share/livox_ros2_driver/package.zsh'
[16.144s] Level 1:colcon.colcon_core.environment:create_file_with_runtime_dependencies(/home/uos-robotics/ros2_ws/src/sensor_drivers/ws_livox/install/livox_ros2_driver/share/colcon-core/packages/livox_ros2_driver)
[16.155s] DEBUG:colcon.colcon_parallel_executor.executor.parallel:closing loop
[16.155s] DEBUG:colcon.colcon_parallel_executor.executor.parallel:loop closed
[16.155s] DEBUG:colcon.colcon_parallel_executor.executor.parallel:run_until_complete finished with '2'
[16.155s] DEBUG:colcon.colcon_core.event_reactor:joining thread
[16.165s] INFO:colcon.colcon_core.plugin_system:Skipping extension 'colcon_notification.desktop_notification.terminal_notifier': Not used on non-Darwin systems
[16.165s] INFO:colcon.colcon_core.plugin_system:Skipping extension 'colcon_notification.desktop_notification.win32': Not used on non-Windows systems
[16.165s] INFO:colcon.colcon_notification.desktop_notification:Sending desktop notification using 'notify2'
[16.206s] DEBUG:colcon.colcon_core.event_reactor:joined thread
[16.206s] INFO:colcon.colcon_core.shell:Creating prefix script '/home/uos-robotics/ros2_ws/src/sensor_drivers/ws_livox/install/local_setup.ps1'
[16.208s] INFO:colcon.colcon_core.shell:Creating prefix util module '/home/uos-robotics/ros2_ws/src/sensor_drivers/ws_livox/install/_local_setup_util_ps1.py'
[16.210s] INFO:colcon.colcon_core.shell:Creating prefix chain script '/home/uos-robotics/ros2_ws/src/sensor_drivers/ws_livox/install/setup.ps1'
[16.212s] INFO:colcon.colcon_core.shell:Creating prefix script '/home/uos-robotics/ros2_ws/src/sensor_drivers/ws_livox/install/local_setup.sh'
[16.213s] INFO:colcon.colcon_core.shell:Creating prefix util module '/home/uos-robotics/ros2_ws/src/sensor_drivers/ws_livox/install/_local_setup_util_sh.py'
[16.214s] INFO:colcon.colcon_core.shell:Creating prefix chain script '/home/uos-robotics/ros2_ws/src/sensor_drivers/ws_livox/install/setup.sh'
[16.216s] INFO:colcon.colcon_core.shell:Creating prefix script '/home/uos-robotics/ros2_ws/src/sensor_drivers/ws_livox/install/local_setup.bash'
[16.216s] INFO:colcon.colcon_core.shell:Creating prefix chain script '/home/uos-robotics/ros2_ws/src/sensor_drivers/ws_livox/install/setup.bash'
[16.218s] INFO:colcon.colcon_core.shell:Creating prefix script '/home/uos-robotics/ros2_ws/src/sensor_drivers/ws_livox/install/local_setup.zsh'
[16.219s] INFO:colcon.colcon_core.shell:Creating prefix chain script '/home/uos-robotics/ros2_ws/src/sensor_drivers/ws_livox/install/setup.zsh'
